SQL> select empno,ename,sal,comm from emp;

     EMPNO ENAME                       SAL       COMM                           
---------- -------------------- ---------- ----------                           
      7369 SMITH                       800                                      
      7499 ALLEN                      1600        300                           
      7521 WARD                       1250        500                           
      7566 JONES                      2975                                      
      7654 MARTIN                     1250       1400                           
      7698 BLAKE                      2850                                      
      7782 CLARK                      2450                                      
      7788 SCOTT                      3000                                      
      7839 KING                       5000                                      
      7844 TURNER                     1500          0                           
      7876 ADAMS                      1100                                      

     EMPNO ENAME                       SAL       COMM                           
---------- -------------------- ---------- ----------                           
      7900 JAMES                       950                                      
      7902 FORD                       3000                                      
      7934 MILLER                     1300                                      

14 개의 행이 선택되었습니다.

SQL> select empno,ename,sal,comm,sal+comm from emp;

     EMPNO ENAME                       SAL       COMM   SAL+COMM                
---------- -------------------- ---------- ---------- ----------                
      7369 SMITH                       800                                      
      7499 ALLEN                      1600        300       1900                
      7521 WARD                       1250        500       1750                
      7566 JONES                      2975                                      
      7654 MARTIN                     1250       1400       2650                
      7698 BLAKE                      2850                                      
      7782 CLARK                      2450                                      
      7788 SCOTT                      3000                                      
      7839 KING                       5000                                      
      7844 TURNER                     1500          0       1500                
      7876 ADAMS                      1100                                      

     EMPNO ENAME                       SAL       COMM   SAL+COMM                
---------- -------------------- ---------- ---------- ----------                
      7900 JAMES                       950                                      
      7902 FORD                       3000                                      
      7934 MILLER                     1300                                      

14 개의 행이 선택되었습니다.

SQL> select empno,ename,sal,nvl(comm,0),sal+comm from emp;

     EMPNO ENAME                       SAL NVL(COMM,0)   SAL+COMM               
---------- -------------------- ---------- ----------- ----------               
      7369 SMITH                       800           0                          
      7499 ALLEN                      1600         300       1900               
      7521 WARD                       1250         500       1750               
      7566 JONES                      2975           0                          
      7654 MARTIN                     1250        1400       2650               
      7698 BLAKE                      2850           0                          
      7782 CLARK                      2450           0                          
      7788 SCOTT                      3000           0                          
      7839 KING                       5000           0                          
      7844 TURNER                     1500           0       1500               
      7876 ADAMS                      1100           0                          

     EMPNO ENAME                       SAL NVL(COMM,0)   SAL+COMM               
---------- -------------------- ---------- ----------- ----------               
      7900 JAMES                       950           0                          
      7902 FORD                       3000           0                          
      7934 MILLER                     1300           0                          

14 개의 행이 선택되었습니다.

SQL> select empno,ename,sal,nvl(comm,0),sal+nvl(comm,0) from emp;

     EMPNO ENAME                       SAL NVL(COMM,0) SAL+NVL(COMM,0)          
---------- -------------------- ---------- ----------- ---------------          
      7369 SMITH                       800           0             800          
      7499 ALLEN                      1600         300            1900          
      7521 WARD                       1250         500            1750          
      7566 JONES                      2975           0            2975          
      7654 MARTIN                     1250        1400            2650          
      7698 BLAKE                      2850           0            2850          
      7782 CLARK                      2450           0            2450          
      7788 SCOTT                      3000           0            3000          
      7839 KING                       5000           0            5000          
      7844 TURNER                     1500           0            1500          
      7876 ADAMS                      1100           0            1100          

     EMPNO ENAME                       SAL NVL(COMM,0) SAL+NVL(COMM,0)          
---------- -------------------- ---------- ----------- ---------------          
      7900 JAMES                       950           0             950          
      7902 FORD                       3000           0            3000          
      7934 MILLER                     1300           0            1300          

14 개의 행이 선택되었습니다.

SQL> select tname from tab;

TNAME                                                                           
------------------------------------------------------------                    
BONUS                                                                           
DEPT                                                                            
EMP                                                                             
SALGRADE                                                                        
MYTABLE02                                                                       
MYTABLE01                                                                       
MYTABLE03                                                                       
MYTABLE04                                                                       
STUDENT01                                                                       

9 개의 행이 선택되었습니다.

SQL> select * from mytable01
  2  ;

       NUM TITLE                NAME                 NALJA                      
---------- -------------------- -------------------- --------                   
      1111 title1               test                 19/05/14                   
      2222 title2               test                 19/05/14                   

SQL> select * from mytable02;

       NUM NALJA          TEST                                                  
---------- -------- ----------                                                  
      1111 19/05/01                                                             

SQL> desc mytable02;
 이름                                      널?      유형
 ----------------------------------------- -------- ----------------------------
 NUM                                                NUMBER
 NALJA                                              DATE
 TEST                                               NUMBER

SQL> insert into mytable01 values (3333,'',null,sysdate);
insert into mytable01 values (3333,'',null,sysdate)
                                      *
1행에 오류:
ORA-01400: NULL을 ("SCOTT"."MYTABLE01"."NAME") 안에 삽입할 수 없습니다 


SQL> insert into mytable01 values (3333,'','',sysdate);
insert into mytable01 values (3333,'','',sysdate)
                                      *
1행에 오류:
ORA-01400: NULL을 ("SCOTT"."MYTABLE01"."NAME") 안에 삽입할 수 없습니다 


SQL> insert into mytable01 values (3333,'','test',sysdate);

1 개의 행이 만들어졌습니다.

SQL> select * from mytable01;

       NUM TITLE                NAME                 NALJA                      
---------- -------------------- -------------------- --------                   
      1111 title1               test                 19/05/14                   
      2222 title2               test                 19/05/14                   
      3333                      test                 19/05/15                   

SQL> select * from mytable01 where title='';

선택된 레코드가 없습니다.

SQL> select * from mytable01 where title is null;

       NUM TITLE                NAME                 NALJA                      
---------- -------------------- -------------------- --------                   
      3333                      test                 19/05/15                   

SQL> select num,title,name,nalja from mytable01;

       NUM TITLE                NAME                 NALJA                      
---------- -------------------- -------------------- --------                   
      1111 title1               test                 19/05/14                   
      2222 title2               test                 19/05/14                   
      3333                      test                 19/05/15                   

SQL> select num,nvl(title,'제목없음'),name,nalja from mytable01;

       NUM NVL(TITLE,'제목없음')    NAME                 NALJA                  
---------- ------------------------ -------------------- --------               
      1111 title1                   test                 19/05/14               
      2222 title2                   test                 19/05/14               
      3333 제목없음                 test                 19/05/15               

SQL> select decode(0,0,'0입니다',1,'1입니다') from dual;

DECODE(0,0,'0입니다'                                                            
--------------------                                                            
0입니다                                                                         

SQL> select decode(1,0,'0입니다',1,'1입니다') from dual;

DECODE(1,0,'0입니다'                                                            
--------------------                                                            
1입니다                                                                         

SQL> select empno,ename,deptno from emp;

     EMPNO ENAME                    DEPTNO                                      
---------- -------------------- ----------                                      
      7369 SMITH                        20                                      
      7499 ALLEN                        30                                      
      7521 WARD                         30                                      
      7566 JONES                        20                                      
      7654 MARTIN                       30                                      
      7698 BLAKE                        30                                      
      7782 CLARK                        10                                      
      7788 SCOTT                        20                                      
      7839 KING                         10                                      
      7844 TURNER                       30                                      
      7876 ADAMS                        20                                      

     EMPNO ENAME                    DEPTNO                                      
---------- -------------------- ----------                                      
      7900 JAMES                        30                                      
      7902 FORD                         20                                      
      7934 MILLER                       10                                      

14 개의 행이 선택되었습니다.

SQL> select * from dept;

    DEPTNO DNAME                        LOC                                     
---------- ---------------------------- --------------------------              
        10 ACCOUNTING                   NEW YORK                                
        20 RESEARCH                     DALLAS                                  
        30 SALES                        CHICAGO                                 
        40 OPERATIONS                   BOSTON                                  

SQL> select empno,ename,decode(deptno,10,'accounting',20,'research',30,'sales',40,'operations') from emp;

     EMPNO ENAME                DECODE(DEPTNO,10,'AC                            
---------- -------------------- --------------------                            
      7369 SMITH                research                                        
      7499 ALLEN                sales                                           
      7521 WARD                 sales                                           
      7566 JONES                research                                        
      7654 MARTIN               sales                                           
      7698 BLAKE                sales                                           
      7782 CLARK                accounting                                      
      7788 SCOTT                research                                        
      7839 KING                 accounting                                      
      7844 TURNER               sales                                           
      7876 ADAMS                research                                        

     EMPNO ENAME                DECODE(DEPTNO,10,'AC                            
---------- -------------------- --------------------                            
      7900 JAMES                sales                                           
      7902 FORD                 research                                        
      7934 MILLER               accounting                                      

14 개의 행이 선택되었습니다.

SQL> select * from dept;

    DEPTNO DNAME                        LOC                                     
---------- ---------------------------- --------------------------              
        10 ACCOUNTING                   NEW YORK                                
        20 RESEARCH                     DALLAS                                  
        30 SALES                        CHICAGO                                 
        40 OPERATIONS                   BOSTON                                  

SQL> select empno,ename,
  2  case deptno when deptno=10 then 'accounting'
  3  when deptno=20 then 'research'
  4  when deptno=30 then 'sales'
  5  else 'operations'
  6  end
  7  from emp;
case deptno when deptno=10 then 'accounting'
                       *
2행에 오류:
ORA-00905: 누락된 키워드 


SQL> select empno,ename,
  2  case deptno when 10 then 'accounting'
  3  case deptno when 20 then 'accounting';
case deptno when 20 then 'accounting'
*
3행에 오류:
ORA-00905: 누락된 키워드 


SQL> select empno,ename,
  2  case deptno when 10 then 'A'
  3  when 20 then 'B'
  4  when 30 then 'C'
  5  else 'D'
  6  end
  7  from emp;

     EMPNO ENAME                CA                                              
---------- -------------------- --                                              
      7369 SMITH                B                                               
      7499 ALLEN                C                                               
      7521 WARD                 C                                               
      7566 JONES                B                                               
      7654 MARTIN               C                                               
      7698 BLAKE                C                                               
      7782 CLARK                A                                               
      7788 SCOTT                B                                               
      7839 KING                 A                                               
      7844 TURNER               C                                               
      7876 ADAMS                B                                               

     EMPNO ENAME                CA                                              
---------- -------------------- --                                              
      7900 JAMES                C                                               
      7902 FORD                 B                                               
      7934 MILLER               A                                               

14 개의 행이 선택되었습니다.

SQL> select empno,ename,
  2  case when deptno=10 then 'A'
  3  when deptno=20 then 'B'
  4  when deptno=20 then ''
  5  ;

*
5행에 오류:
ORA-00905: 누락된 키워드 


SQL> select empno,ename,
  2  case when deptno=10 then 'A'
  3  when deptno=20 then 'B'
  4  when deptno=30 then 'C'
  5  else 'D'
  6  end
  7  from emp;

     EMPNO ENAME                CA                                              
---------- -------------------- --                                              
      7369 SMITH                B                                               
      7499 ALLEN                C                                               
      7521 WARD                 C                                               
      7566 JONES                B                                               
      7654 MARTIN               C                                               
      7698 BLAKE                C                                               
      7782 CLARK                A                                               
      7788 SCOTT                B                                               
      7839 KING                 A                                               
      7844 TURNER               C                                               
      7876 ADAMS                B                                               

     EMPNO ENAME                CA                                              
---------- -------------------- --                                              
      7900 JAMES                C                                               
      7902 FORD                 B                                               
      7934 MILLER               A                                               

14 개의 행이 선택되었습니다.

SQL> select sum(1,2,3,4) from dual;
select sum(1,2,3,4) from dual
       *
1행에 오류:
ORA-00909: 인수의 개수가 부적합합니다 


SQL> select ename,sal from emp;

ENAME                       SAL                                                 
-------------------- ----------                                                 
SMITH                       800                                                 
ALLEN                      1600                                                 
WARD                       1250                                                 
JONES                      2975                                                 
MARTIN                     1250                                                 
BLAKE                      2850                                                 
CLARK                      2450                                                 
SCOTT                      3000                                                 
KING                       5000                                                 
TURNER                     1500                                                 
ADAMS                      1100                                                 

ENAME                       SAL                                                 
-------------------- ----------                                                 
JAMES                       950                                                 
FORD                       3000                                                 
MILLER                     1300                                                 

14 개의 행이 선택되었습니다.

SQL> select sum(sal) from emp;

  SUM(SAL)                                                                      
----------                                                                      
     29025                                                                      

SQL> select ename,sum(sal) from emp;
select ename,sum(sal) from emp
       *
1행에 오류:
ORA-00937: 단일 그룹의 그룹 함수가 아닙니다 


SQL> select count(ename),sum(sal) from emp;

COUNT(ENAME)   SUM(SAL)                                                         
------------ ----------                                                         
          14      29025                                                         

SQL> select sum(sal) from emp;

  SUM(SAL)                                                                      
----------                                                                      
     29025                                                                      

SQL> select sum(sal) from emp group by deptno;

  SUM(SAL)                                                                      
----------                                                                      
      9400                                                                      
     10875                                                                      
      8750                                                                      

SQL> select deptno,sum(sal) from emp group by deptno;

    DEPTNO   SUM(SAL)                                                           
---------- ----------                                                           
        30       9400                                                           
        20      10875                                                           
        10       8750                                                           

SQL> select sum(sal) from emp where deptno=10;

  SUM(SAL)                                                                      
----------                                                                      
      8750                                                                      

SQL> select sum(sal) from emp where deptno>10;

  SUM(SAL)                                                                      
----------                                                                      
     20275                                                                      

SQL> select sum(sal) from emp where deptno=10;

  SUM(SAL)                                                                      
----------                                                                      
      8750                                                                      

SQL> select sum(sal) from emp where deptno=20;

  SUM(SAL)                                                                      
----------                                                                      
     10875                                                                      

SQL> select sum(sal) from emp where deptno=30;

  SUM(SAL)                                                                      
----------                                                                      
      9400                                                                      

SQL> select deptno,sum(sal) from emp group by deptno;

    DEPTNO   SUM(SAL)                                                           
---------- ----------                                                           
        30       9400                                                           
        20      10875                                                           
        10       8750                                                           

SQL> select ename,sal,deptno from emp;

ENAME                       SAL     DEPTNO                                      
-------------------- ---------- ----------                                      
SMITH                       800         20                                      
ALLEN                      1600         30                                      
WARD                       1250         30                                      
JONES                      2975         20                                      
MARTIN                     1250         30                                      
BLAKE                      2850         30                                      
CLARK                      2450         10                                      
SCOTT                      3000         20                                      
KING                       5000         10                                      
TURNER                     1500         30                                      
ADAMS                      1100         20                                      

ENAME                       SAL     DEPTNO                                      
-------------------- ---------- ----------                                      
JAMES                       950         30                                      
FORD                       3000         20                                      
MILLER                     1300         10                                      

14 개의 행이 선택되었습니다.

SQL> select ename,sal,deptno from emp where deptno=30;

ENAME                       SAL     DEPTNO                                      
-------------------- ---------- ----------                                      
ALLEN                      1600         30                                      
WARD                       1250         30                                      
MARTIN                     1250         30                                      
BLAKE                      2850         30                                      
TURNER                     1500         30                                      
JAMES                       950         30                                      

6 개의 행이 선택되었습니다.

SQL> select sum(sal) from emp where deptno=30;

  SUM(SAL)                                                                      
----------                                                                      
      9400                                                                      

SQL> select sum(sal) from emp where deptno=30 and sal>1000;

  SUM(SAL)                                                                      
----------                                                                      
      8450                                                                      

SQL> select sum(sal) from emp where sal>1000 group by deptno;

  SUM(SAL)                                                                      
----------                                                                      
      8450                                                                      
     10075                                                                      
      8750                                                                      

SQL> select deptno, sum(sal) from emp where sal>1000 group by deptno;

    DEPTNO   SUM(SAL)                                                           
---------- ----------                                                           
        30       8450                                                           
        20      10075                                                           
        10       8750                                                           

SQL> select deptno, sum(sal) from emp where avg(sal)>2000 group by deptno;
select deptno, sum(sal) from emp where avg(sal)>2000 group by deptno
                                       *
1행에 오류:
ORA-00934: 그룹 함수는 허가되지 않습니다 


SQL> select deptno, sum(sal) from emp group by deptno;

    DEPTNO   SUM(SAL)                                                           
---------- ----------                                                           
        30       9400                                                           
        20      10875                                                           
        10       8750                                                           

SQL> select deptno, sum(sal) from emp group by deptno having avg(sal)>=2000;

    DEPTNO   SUM(SAL)                                                           
---------- ----------                                                           
        20      10875                                                           
        10       8750                                                           

SQL> select deptno, sum(sal) from emp group by deptno having avg(sal)>=2000 order by deptno;

    DEPTNO   SUM(SAL)                                                           
---------- ----------                                                           
        10       8750                                                           
        20      10875                                                           

SQL> create table mytable05(
  2  num number,
  3  name varchar2(6)
  4  );

테이블이 생성되었습니다.

SQL> insert into mytable05 values (1111,'test1');

1 개의 행이 만들어졌습니다.

SQL> select * from mytable05;

       NUM NAME                                                                 
---------- ------------                                                         
      1111 test1                                                                

SQL> commit;

커밋이 완료되었습니다.

SQL> insert into mytable05 values (2222,'test2');

1 개의 행이 만들어졌습니다.

SQL> select * from mytable05;

       NUM NAME                                                                 
---------- ------------                                                         
      1111 test1                                                                
      2222 test2                                                                

SQL> rollback;

롤백이 완료되었습니다.

SQL> select * from mytable05;

       NUM NAME                                                                 
---------- ------------                                                         
      1111 test1                                                                

SQL> insert into mytable05 values (2222,'test2');

1 개의 행이 만들어졌습니다.

SQL> commit;

커밋이 완료되었습니다.

SQL> insert into mytable05 values (3333,'test3');

1 개의 행이 만들어졌습니다.

SQL> commit;

커밋이 완료되었습니다.

SQL> select * from mytable05;

       NUM NAME                                                                 
---------- ------------                                                         
      1111 test1                                                                
      2222 test2                                                                
      3333 test3                                                                

SQL> insert into mytable05 values (4444,'test4');

1 개의 행이 만들어졌습니다.

SQL> rollback;

롤백이 완료되었습니다.

SQL> select * from mytable05;

       NUM NAME                                                                 
---------- ------------                                                         
      1111 test1                                                                
      2222 test2                                                                
      3333 test3                                                                

SQL> rollback;

롤백이 완료되었습니다.

SQL> select * from mytable05;

       NUM NAME                                                                 
---------- ------------                                                         
      1111 test1                                                                
      2222 test2                                                                
      3333 test3                                                                

SQL> insert into mytable05 values (4444,'test4');

1 개의 행이 만들어졌습니다.

SQL> savepoint a1
  2  ;

저장점이 생성되었습니다.

SQL> insert into mytable05 values (5555,'test5');

1 개의 행이 만들어졌습니다.

SQL> savepoint a2;

저장점이 생성되었습니다.

SQL> insert into mytable05 values (6666,'test6');

1 개의 행이 만들어졌습니다.

SQL> select * from mytable05;

       NUM NAME                                                                 
---------- ------------                                                         
      1111 test1                                                                
      2222 test2                                                                
      3333 test3                                                                
      4444 test4                                                                
      5555 test5                                                                
      6666 test6                                                                

6 개의 행이 선택되었습니다.

SQL> rollback
  2  ;

롤백이 완료되었습니다.

SQL> select * from mytable05;

       NUM NAME                                                                 
---------- ------------                                                         
      1111 test1                                                                
      2222 test2                                                                
      3333 test3                                                                

SQL> insert into mytable05 values (4444,'test4');

1 개의 행이 만들어졌습니다.

SQL> savepoint a1
  2  ;

저장점이 생성되었습니다.

SQL> insert into mytable05 values (5555,'test5');

1 개의 행이 만들어졌습니다.

SQL> savepoint a2;

저장점이 생성되었습니다.

SQL> insert into mytable06 values (6666,'test6');
insert into mytable06 values (6666,'test6')
            *
1행에 오류:
ORA-00942: 테이블 또는 뷰가 존재하지 않습니다 


SQL> insert into mytable05 values (6666,'test6');

1 개의 행이 만들어졌습니다.

SQL> select * from mytable05;

       NUM NAME                                                                 
---------- ------------                                                         
      1111 test1                                                                
      2222 test2                                                                
      3333 test3                                                                
      4444 test4                                                                
      5555 test5                                                                
      6666 test6                                                                

6 개의 행이 선택되었습니다.

SQL> rollback to a2;

롤백이 완료되었습니다.

SQL> select * from mytable05;

       NUM NAME                                                                 
---------- ------------                                                         
      1111 test1                                                                
      2222 test2                                                                
      3333 test3                                                                
      4444 test4                                                                
      5555 test5                                                                

SQL> rollback to a1;

롤백이 완료되었습니다.

SQL> select * from mytable05;

       NUM NAME                                                                 
---------- ------------                                                         
      1111 test1                                                                
      2222 test2                                                                
      3333 test3                                                                
      4444 test4                                                                

SQL> insert into mytable05 values (5555,'test5');

1 개의 행이 만들어졌습니다.

SQL> savepoint a2;

저장점이 생성되었습니다.

SQL> insert into mytable06 values (6666,'test6');
insert into mytable06 values (6666,'test6')
            *
1행에 오류:
ORA-00942: 테이블 또는 뷰가 존재하지 않습니다 


SQL> insert into mytable05 values (6666,'test6');

1 개의 행이 만들어졌습니다.

SQL> savepoint a1;

저장점이 생성되었습니다.

SQL> select * from mytable05;

       NUM NAME                                                                 
---------- ------------                                                         
      1111 test1                                                                
      2222 test2                                                                
      3333 test3                                                                
      4444 test4                                                                
      5555 test5                                                                
      6666 test6                                                                

6 개의 행이 선택되었습니다.

SQL> savepoint a3;

저장점이 생성되었습니다.

SQL> insert into mytable05 values (7777,'test7');

1 개의 행이 만들어졌습니다.

SQL> rollback to a2;

롤백이 완료되었습니다.

SQL> select * from mytable05;

       NUM NAME                                                                 
---------- ------------                                                         
      1111 test1                                                                
      2222 test2                                                                
      3333 test3                                                                
      4444 test4                                                                
      5555 test5                                                                

SQL> rollback to a3;
rollback to a3
*
1행에 오류:
ORA-01086: 저장점 'A3' 는 설정되어 있지 않습니다 


SQL> select * from emp, dept;

     EMPNO ENAME                JOB                       MGR HIREDATE          
---------- -------------------- ------------------ ---------- --------          
       SAL       COMM     DEPTNO     DEPTNO DNAME                               
---------- ---------- ---------- ---------- ----------------------------        
LOC                                                                             
--------------------------                                                      
      7369 SMITH                CLERK                    7902 80/12/17          
       800                    20         10 ACCOUNTING                          
NEW YORK                                                                        
                                                                                
      7499 ALLEN                SALESMAN                 7698 81/02/20          
      1600        300         30         10 ACCOUNTING                          
NEW YORK                                                                        

     EMPNO ENAME                JOB                       MGR HIREDATE          
---------- -------------------- ------------------ ---------- --------          
       SAL       COMM     DEPTNO     DEPTNO DNAME                               
---------- ---------- ---------- ---------- ----------------------------        
LOC                                                                             
--------------------------                                                      
                                                                                
      7521 WARD                 SALESMAN                 7698 81/02/22          
      1250        500         30         10 ACCOUNTING                          
NEW YORK                                                                        
                                                                                
      7566 JONES                MANAGER                  7839 81/04/02          
      2975                    20         10 ACCOUNTING                          

     EMPNO ENAME                JOB                       MGR HIREDATE          
---------- -------------------- ------------------ ---------- --------          
       SAL       COMM     DEPTNO     DEPTNO DNAME                               
---------- ---------- ---------- ---------- ----------------------------        
LOC                                                                             
--------------------------                                                      
NEW YORK                                                                        
                                                                                
      7654 MARTIN               SALESMAN                 7698 81/09/28          
      1250       1400         30         10 ACCOUNTING                          
NEW YORK                                                                        
                                                                                
      7698 BLAKE                MANAGER                  7839 81/05/01          

     EMPNO ENAME                JOB                       MGR HIREDATE          
---------- -------------------- ------------------ ---------- --------          
       SAL       COMM     DEPTNO     DEPTNO DNAME                               
---------- ---------- ---------- ---------- ----------------------------        
LOC                                                                             
--------------------------                                                      
      2850                    30         10 ACCOUNTING                          
NEW YORK                                                                        
                                                                                
      7782 CLARK                MANAGER                  7839 81/06/09          
      2450                    10         10 ACCOUNTING                          
NEW YORK                                                                        
                                                                                

     EMPNO ENAME                JOB                       MGR HIREDATE          
---------- -------------------- ------------------ ---------- --------          
       SAL       COMM     DEPTNO     DEPTNO DNAME                               
---------- ---------- ---------- ---------- ----------------------------        
LOC                                                                             
--------------------------                                                      
      7788 SCOTT                ANALYST                  7566 87/04/19          
      3000                    20         10 ACCOUNTING                          
NEW YORK                                                                        
                                                                                
      7839 KING                 PRESIDENT                     81/11/17          
      5000                    10         10 ACCOUNTING                          
NEW YORK                                                                        

     EMPNO ENAME                JOB                       MGR HIREDATE          
---------- -------------------- ------------------ ---------- --------          
       SAL       COMM     DEPTNO     DEPTNO DNAME                               
---------- ---------- ---------- ---------- ----------------------------        
LOC                                                                             
--------------------------                                                      
                                                                                
      7844 TURNER               SALESMAN                 7698 81/09/08          
      1500          0         30         10 ACCOUNTING                          
NEW YORK                                                                        
                                                                                
      7876 ADAMS                CLERK                    7788 87/05/23          
      1100                    20         10 ACCOUNTING                          

     EMPNO ENAME                JOB                       MGR HIREDATE          
---------- -------------------- ------------------ ---------- --------          
       SAL       COMM     DEPTNO     DEPTNO DNAME                               
---------- ---------- ---------- ---------- ----------------------------        
LOC                                                                             
--------------------------                                                      
NEW YORK                                                                        
                                                                                
      7900 JAMES                CLERK                    7698 81/12/03          
       950                    30         10 ACCOUNTING                          
NEW YORK                                                                        
                                                                                
      7902 FORD                 ANALYST                  7566 81/12/03          

     EMPNO ENAME                JOB                       MGR HIREDATE          
---------- -------------------- ------------------ ---------- --------          
       SAL       COMM     DEPTNO     DEPTNO DNAME                               
---------- ---------- ---------- ---------- ----------------------------        
LOC                                                                             
--------------------------                                                      
      3000                    20         10 ACCOUNTING                          
NEW YORK                                                                        
                                                                                
      7934 MILLER               CLERK                    7782 82/01/23          
      1300                    10         10 ACCOUNTING                          
NEW YORK                                                                        
                                                                                

     EMPNO ENAME                JOB                       MGR HIREDATE          
---------- -------------------- ------------------ ---------- --------          
       SAL       COMM     DEPTNO     DEPTNO DNAME                               
---------- ---------- ---------- ---------- ----------------------------        
LOC                                                                             
--------------------------                                                      
      7369 SMITH                CLERK                    7902 80/12/17          
       800                    20         20 RESEARCH                            
DALLAS                                                                          
                                                                                
      7499 ALLEN                SALESMAN                 7698 81/02/20          
      1600        300         30         20 RESEARCH                            
DALLAS                                                                          

     EMPNO ENAME                JOB                       MGR HIREDATE          
---------- -------------------- ------------------ ---------- --------          
       SAL       COMM     DEPTNO     DEPTNO DNAME                               
---------- ---------- ---------- ---------- ----------------------------        
LOC                                                                             
--------------------------                                                      
                                                                                
      7521 WARD                 SALESMAN                 7698 81/02/22          
      1250        500         30         20 RESEARCH                            
DALLAS                                                                          
                                                                                
      7566 JONES                MANAGER                  7839 81/04/02          
      2975                    20         20 RESEARCH                            

     EMPNO ENAME                JOB                       MGR HIREDATE          
---------- -------------------- ------------------ ---------- --------          
       SAL       COMM     DEPTNO     DEPTNO DNAME                               
---------- ---------- ---------- ---------- ----------------------------        
LOC                                                                             
--------------------------                                                      
DALLAS                                                                          
                                                                                
      7654 MARTIN               SALESMAN                 7698 81/09/28          
      1250       1400         30         20 RESEARCH                            
DALLAS                                                                          
                                                                                
      7698 BLAKE                MANAGER                  7839 81/05/01          

     EMPNO ENAME                JOB                       MGR HIREDATE          
---------- -------------------- ------------------ ---------- --------          
       SAL       COMM     DEPTNO     DEPTNO DNAME                               
---------- ---------- ---------- ---------- ----------------------------        
LOC                                                                             
--------------------------                                                      
      2850                    30         20 RESEARCH                            
DALLAS                                                                          
                                                                                
      7782 CLARK                MANAGER                  7839 81/06/09          
      2450                    10         20 RESEARCH                            
DALLAS                                                                          
                                                                                

     EMPNO ENAME                JOB                       MGR HIREDATE          
---------- -------------------- ------------------ ---------- --------          
       SAL       COMM     DEPTNO     DEPTNO DNAME                               
---------- ---------- ---------- ---------- ----------------------------        
LOC                                                                             
--------------------------                                                      
      7788 SCOTT                ANALYST                  7566 87/04/19          
      3000                    20         20 RESEARCH                            
DALLAS                                                                          
                                                                                
      7839 KING                 PRESIDENT                     81/11/17          
      5000                    10         20 RESEARCH                            
DALLAS                                                                          

     EMPNO ENAME                JOB                       MGR HIREDATE          
---------- -------------------- ------------------ ---------- --------          
       SAL       COMM     DEPTNO     DEPTNO DNAME                               
---------- ---------- ---------- ---------- ----------------------------        
LOC                                                                             
--------------------------                                                      
                                                                                
      7844 TURNER               SALESMAN                 7698 81/09/08          
      1500          0         30         20 RESEARCH                            
DALLAS                                                                          
                                                                                
      7876 ADAMS                CLERK                    7788 87/05/23          
      1100                    20         20 RESEARCH                            

     EMPNO ENAME                JOB                       MGR HIREDATE          
---------- -------------------- ------------------ ---------- --------          
       SAL       COMM     DEPTNO     DEPTNO DNAME                               
---------- ---------- ---------- ---------- ----------------------------        
LOC                                                                             
--------------------------                                                      
DALLAS                                                                          
                                                                                
      7900 JAMES                CLERK                    7698 81/12/03          
       950                    30         20 RESEARCH                            
DALLAS                                                                          
                                                                                
      7902 FORD                 ANALYST                  7566 81/12/03          

     EMPNO ENAME                JOB                       MGR HIREDATE          
---------- -------------------- ------------------ ---------- --------          
       SAL       COMM     DEPTNO     DEPTNO DNAME                               
---------- ---------- ---------- ---------- ----------------------------        
LOC                                                                             
--------------------------                                                      
      3000                    20         20 RESEARCH                            
DALLAS                                                                          
                                                                                
      7934 MILLER               CLERK                    7782 82/01/23          
      1300                    10         20 RESEARCH                            
DALLAS                                                                          
                                                                                

     EMPNO ENAME                JOB                       MGR HIREDATE          
---------- -------------------- ------------------ ---------- --------          
       SAL       COMM     DEPTNO     DEPTNO DNAME                               
---------- ---------- ---------- ---------- ----------------------------        
LOC                                                                             
--------------------------                                                      
      7369 SMITH                CLERK                    7902 80/12/17          
       800                    20         30 SALES                               
CHICAGO                                                                         
                                                                                
      7499 ALLEN                SALESMAN                 7698 81/02/20          
      1600        300         30         30 SALES                               
CHICAGO                                                                         

     EMPNO ENAME                JOB                       MGR HIREDATE          
---------- -------------------- ------------------ ---------- --------          
       SAL       COMM     DEPTNO     DEPTNO DNAME                               
---------- ---------- ---------- ---------- ----------------------------        
LOC                                                                             
--------------------------                                                      
                                                                                
      7521 WARD                 SALESMAN                 7698 81/02/22          
      1250        500         30         30 SALES                               
CHICAGO                                                                         
                                                                                
      7566 JONES                MANAGER                  7839 81/04/02          
      2975                    20         30 SALES                               

     EMPNO ENAME                JOB                       MGR HIREDATE          
---------- -------------------- ------------------ ---------- --------          
       SAL       COMM     DEPTNO     DEPTNO DNAME                               
---------- ---------- ---------- ---------- ----------------------------        
LOC                                                                             
--------------------------                                                      
CHICAGO                                                                         
                                                                                
      7654 MARTIN               SALESMAN                 7698 81/09/28          
      1250       1400         30         30 SALES                               
CHICAGO                                                                         
                                                                                
      7698 BLAKE                MANAGER                  7839 81/05/01          

     EMPNO ENAME                JOB                       MGR HIREDATE          
---------- -------------------- ------------------ ---------- --------          
       SAL       COMM     DEPTNO     DEPTNO DNAME                               
---------- ---------- ---------- ---------- ----------------------------        
LOC                                                                             
--------------------------                                                      
      2850                    30         30 SALES                               
CHICAGO                                                                         
                                                                                
      7782 CLARK                MANAGER                  7839 81/06/09          
      2450                    10         30 SALES                               
CHICAGO                                                                         
                                                                                

     EMPNO ENAME                JOB                       MGR HIREDATE          
---------- -------------------- ------------------ ---------- --------          
       SAL       COMM     DEPTNO     DEPTNO DNAME                               
---------- ---------- ---------- ---------- ----------------------------        
LOC                                                                             
--------------------------                                                      
      7788 SCOTT                ANALYST                  7566 87/04/19          
      3000                    20         30 SALES                               
CHICAGO                                                                         
                                                                                
      7839 KING                 PRESIDENT                     81/11/17          
      5000                    10         30 SALES                               
CHICAGO                                                                         

     EMPNO ENAME                JOB                       MGR HIREDATE          
---------- -------------------- ------------------ ---------- --------          
       SAL       COMM     DEPTNO     DEPTNO DNAME                               
---------- ---------- ---------- ---------- ----------------------------        
LOC                                                                             
--------------------------                                                      
                                                                                
      7844 TURNER               SALESMAN                 7698 81/09/08          
      1500          0         30         30 SALES                               
CHICAGO                                                                         
                                                                                
      7876 ADAMS                CLERK                    7788 87/05/23          
      1100                    20         30 SALES                               

     EMPNO ENAME                JOB                       MGR HIREDATE          
---------- -------------------- ------------------ ---------- --------          
       SAL       COMM     DEPTNO     DEPTNO DNAME                               
---------- ---------- ---------- ---------- ----------------------------        
LOC                                                                             
--------------------------                                                      
CHICAGO                                                                         
                                                                                
      7900 JAMES                CLERK                    7698 81/12/03          
       950                    30         30 SALES                               
CHICAGO                                                                         
                                                                                
      7902 FORD                 ANALYST                  7566 81/12/03          

     EMPNO ENAME                JOB                       MGR HIREDATE          
---------- -------------------- ------------------ ---------- --------          
       SAL       COMM     DEPTNO     DEPTNO DNAME                               
---------- ---------- ---------- ---------- ----------------------------        
LOC                                                                             
--------------------------                                                      
      3000                    20         30 SALES                               
CHICAGO                                                                         
                                                                                
      7934 MILLER               CLERK                    7782 82/01/23          
      1300                    10         30 SALES                               
CHICAGO                                                                         
                                                                                

     EMPNO ENAME                JOB                       MGR HIREDATE          
---------- -------------------- ------------------ ---------- --------          
       SAL       COMM     DEPTNO     DEPTNO DNAME                               
---------- ---------- ---------- ---------- ----------------------------        
LOC                                                                             
--------------------------                                                      
      7369 SMITH                CLERK                    7902 80/12/17          
       800                    20         40 OPERATIONS                          
BOSTON                                                                          
                                                                                
      7499 ALLEN                SALESMAN                 7698 81/02/20          
      1600        300         30         40 OPERATIONS                          
BOSTON                                                                          

     EMPNO ENAME                JOB                       MGR HIREDATE          
---------- -------------------- ------------------ ---------- --------          
       SAL       COMM     DEPTNO     DEPTNO DNAME                               
---------- ---------- ---------- ---------- ----------------------------        
LOC                                                                             
--------------------------                                                      
                                                                                
      7521 WARD                 SALESMAN                 7698 81/02/22          
      1250        500         30         40 OPERATIONS                          
BOSTON                                                                          
                                                                                
      7566 JONES                MANAGER                  7839 81/04/02          
      2975                    20         40 OPERATIONS                          

     EMPNO ENAME                JOB                       MGR HIREDATE          
---------- -------------------- ------------------ ---------- --------          
       SAL       COMM     DEPTNO     DEPTNO DNAME                               
---------- ---------- ---------- ---------- ----------------------------        
LOC                                                                             
--------------------------                                                      
BOSTON                                                                          
                                                                                
      7654 MARTIN               SALESMAN                 7698 81/09/28          
      1250       1400         30         40 OPERATIONS                          
BOSTON                                                                          
                                                                                
      7698 BLAKE                MANAGER                  7839 81/05/01          

     EMPNO ENAME                JOB                       MGR HIREDATE          
---------- -------------------- ------------------ ---------- --------          
       SAL       COMM     DEPTNO     DEPTNO DNAME                               
---------- ---------- ---------- ---------- ----------------------------        
LOC                                                                             
--------------------------                                                      
      2850                    30         40 OPERATIONS                          
BOSTON                                                                          
                                                                                
      7782 CLARK                MANAGER                  7839 81/06/09          
      2450                    10         40 OPERATIONS                          
BOSTON                                                                          
                                                                                

     EMPNO ENAME                JOB                       MGR HIREDATE          
---------- -------------------- ------------------ ---------- --------          
       SAL       COMM     DEPTNO     DEPTNO DNAME                               
---------- ---------- ---------- ---------- ----------------------------        
LOC                                                                             
--------------------------                                                      
      7788 SCOTT                ANALYST                  7566 87/04/19          
      3000                    20         40 OPERATIONS                          
BOSTON                                                                          
                                                                                
      7839 KING                 PRESIDENT                     81/11/17          
      5000                    10         40 OPERATIONS                          
BOSTON                                                                          

     EMPNO ENAME                JOB                       MGR HIREDATE          
---------- -------------------- ------------------ ---------- --------          
       SAL       COMM     DEPTNO     DEPTNO DNAME                               
---------- ---------- ---------- ---------- ----------------------------        
LOC                                                                             
--------------------------                                                      
                                                                                
      7844 TURNER               SALESMAN                 7698 81/09/08          
      1500          0         30         40 OPERATIONS                          
BOSTON                                                                          
                                                                                
      7876 ADAMS                CLERK                    7788 87/05/23          
      1100                    20         40 OPERATIONS                          

     EMPNO ENAME                JOB                       MGR HIREDATE          
---------- -------------------- ------------------ ---------- --------          
       SAL       COMM     DEPTNO     DEPTNO DNAME                               
---------- ---------- ---------- ---------- ----------------------------        
LOC                                                                             
--------------------------                                                      
BOSTON                                                                          
                                                                                
      7900 JAMES                CLERK                    7698 81/12/03          
       950                    30         40 OPERATIONS                          
BOSTON                                                                          
                                                                                
      7902 FORD                 ANALYST                  7566 81/12/03          

     EMPNO ENAME                JOB                       MGR HIREDATE          
---------- -------------------- ------------------ ---------- --------          
       SAL       COMM     DEPTNO     DEPTNO DNAME                               
---------- ---------- ---------- ---------- ----------------------------        
LOC                                                                             
--------------------------                                                      
      3000                    20         40 OPERATIONS                          
BOSTON                                                                          
                                                                                
      7934 MILLER               CLERK                    7782 82/01/23          
      1300                    10         40 OPERATIONS                          
BOSTON                                                                          
                                                                                

56 개의 행이 선택되었습니다.

SQL> select * from emp;

     EMPNO ENAME                JOB                       MGR HIREDATE          
---------- -------------------- ------------------ ---------- --------          
       SAL       COMM     DEPTNO                                                
---------- ---------- ----------                                                
      7369 SMITH                CLERK                    7902 80/12/17          
       800                    20                                                
                                                                                
      7499 ALLEN                SALESMAN                 7698 81/02/20          
      1600        300         30                                                
                                                                                
      7521 WARD                 SALESMAN                 7698 81/02/22          
      1250        500         30                                                
                                                                                

     EMPNO ENAME                JOB                       MGR HIREDATE          
---------- -------------------- ------------------ ---------- --------          
       SAL       COMM     DEPTNO                                                
---------- ---------- ----------                                                
      7566 JONES                MANAGER                  7839 81/04/02          
      2975                    20                                                
                                                                                
      7654 MARTIN               SALESMAN                 7698 81/09/28          
      1250       1400         30                                                
                                                                                
      7698 BLAKE                MANAGER                  7839 81/05/01          
      2850                    30                                                
                                                                                

     EMPNO ENAME                JOB                       MGR HIREDATE          
---------- -------------------- ------------------ ---------- --------          
       SAL       COMM     DEPTNO                                                
---------- ---------- ----------                                                
      7782 CLARK                MANAGER                  7839 81/06/09          
      2450                    10                                                
                                                                                
      7788 SCOTT                ANALYST                  7566 87/04/19          
      3000                    20                                                
                                                                                
      7839 KING                 PRESIDENT                     81/11/17          
      5000                    10                                                
                                                                                

     EMPNO ENAME                JOB                       MGR HIREDATE          
---------- -------------------- ------------------ ---------- --------          
       SAL       COMM     DEPTNO                                                
---------- ---------- ----------                                                
      7844 TURNER               SALESMAN                 7698 81/09/08          
      1500          0         30                                                
                                                                                
      7876 ADAMS                CLERK                    7788 87/05/23          
      1100                    20                                                
                                                                                
      7900 JAMES                CLERK                    7698 81/12/03          
       950                    30                                                
                                                                                

     EMPNO ENAME                JOB                       MGR HIREDATE          
---------- -------------------- ------------------ ---------- --------          
       SAL       COMM     DEPTNO                                                
---------- ---------- ----------                                                
      7902 FORD                 ANALYST                  7566 81/12/03          
      3000                    20                                                
                                                                                
      7934 MILLER               CLERK                    7782 82/01/23          
      1300                    10                                                
                                                                                

14 개의 행이 선택되었습니다.

SQL> select * from dept;

    DEPTNO DNAME                        LOC                                     
---------- ---------------------------- --------------------------              
        10 ACCOUNTING                   NEW YORK                                
        20 RESEARCH                     DALLAS                                  
        30 SALES                        CHICAGO                                 
        40 OPERATIONS                   BOSTON                                  

SQL> select * from emp, dept;

     EMPNO ENAME                JOB                       MGR HIREDATE          
---------- -------------------- ------------------ ---------- --------          
       SAL       COMM     DEPTNO     DEPTNO DNAME                               
---------- ---------- ---------- ---------- ----------------------------        
LOC                                                                             
--------------------------                                                      
      7369 SMITH                CLERK                    7902 80/12/17          
       800                    20         10 ACCOUNTING                          
NEW YORK                                                                        
                                                                                
      7499 ALLEN                SALESMAN                 7698 81/02/20          
      1600        300         30         10 ACCOUNTING                          
NEW YORK                                                                        

     EMPNO ENAME                JOB                       MGR HIREDATE          
---------- -------------------- ------------------ ---------- --------          
       SAL       COMM     DEPTNO     DEPTNO DNAME                               
---------- ---------- ---------- ---------- ----------------------------        
LOC                                                                             
--------------------------                                                      
                                                                                
      7521 WARD                 SALESMAN                 7698 81/02/22          
      1250        500         30         10 ACCOUNTING                          
NEW YORK                                                                        
                                                                                
      7566 JONES                MANAGER                  7839 81/04/02          
      2975                    20         10 ACCOUNTING                          

     EMPNO ENAME                JOB                       MGR HIREDATE          
---------- -------------------- ------------------ ---------- --------          
       SAL       COMM     DEPTNO     DEPTNO DNAME                               
---------- ---------- ---------- ---------- ----------------------------        
LOC                                                                             
--------------------------                                                      
NEW YORK                                                                        
                                                                                
      7654 MARTIN               SALESMAN                 7698 81/09/28          
      1250       1400         30         10 ACCOUNTING                          
NEW YORK                                                                        
                                                                                
      7698 BLAKE                MANAGER                  7839 81/05/01          

     EMPNO ENAME                JOB                       MGR HIREDATE          
---------- -------------------- ------------------ ---------- --------          
       SAL       COMM     DEPTNO     DEPTNO DNAME                               
---------- ---------- ---------- ---------- ----------------------------        
LOC                                                                             
--------------------------                                                      
      2850                    30         10 ACCOUNTING                          
NEW YORK                                                                        
                                                                                
      7782 CLARK                MANAGER                  7839 81/06/09          
      2450                    10         10 ACCOUNTING                          
NEW YORK                                                                        
                                                                                

     EMPNO ENAME                JOB                       MGR HIREDATE          
---------- -------------------- ------------------ ---------- --------          
       SAL       COMM     DEPTNO     DEPTNO DNAME                               
---------- ---------- ---------- ---------- ----------------------------        
LOC                                                                             
--------------------------                                                      
      7788 SCOTT                ANALYST                  7566 87/04/19          
      3000                    20         10 ACCOUNTING                          
NEW YORK                                                                        
                                                                                
      7839 KING                 PRESIDENT                     81/11/17          
      5000                    10         10 ACCOUNTING                          
NEW YORK                                                                        

     EMPNO ENAME                JOB                       MGR HIREDATE          
---------- -------------------- ------------------ ---------- --------          
       SAL       COMM     DEPTNO     DEPTNO DNAME                               
---------- ---------- ---------- ---------- ----------------------------        
LOC                                                                             
--------------------------                                                      
                                                                                
      7844 TURNER               SALESMAN                 7698 81/09/08          
      1500          0         30         10 ACCOUNTING                          
NEW YORK                                                                        
                                                                                
      7876 ADAMS                CLERK                    7788 87/05/23          
      1100                    20         10 ACCOUNTING                          

     EMPNO ENAME                JOB                       MGR HIREDATE          
---------- -------------------- ------------------ ---------- --------          
       SAL       COMM     DEPTNO     DEPTNO DNAME                               
---------- ---------- ---------- ---------- ----------------------------        
LOC                                                                             
--------------------------                                                      
NEW YORK                                                                        
                                                                                
      7900 JAMES                CLERK                    7698 81/12/03          
       950                    30         10 ACCOUNTING                          
NEW YORK                                                                        
                                                                                
      7902 FORD                 ANALYST                  7566 81/12/03          

     EMPNO ENAME                JOB                       MGR HIREDATE          
---------- -------------------- ------------------ ---------- --------          
       SAL       COMM     DEPTNO     DEPTNO DNAME                               
---------- ---------- ---------- ---------- ----------------------------        
LOC                                                                             
--------------------------                                                      
      3000                    20         10 ACCOUNTING                          
NEW YORK                                                                        
                                                                                
      7934 MILLER               CLERK                    7782 82/01/23          
      1300                    10         10 ACCOUNTING                          
NEW YORK                                                                        
                                                                                

     EMPNO ENAME                JOB                       MGR HIREDATE          
---------- -------------------- ------------------ ---------- --------          
       SAL       COMM     DEPTNO     DEPTNO DNAME                               
---------- ---------- ---------- ---------- ----------------------------        
LOC                                                                             
--------------------------                                                      
      7369 SMITH                CLERK                    7902 80/12/17          
       800                    20         20 RESEARCH                            
DALLAS                                                                          
                                                                                
      7499 ALLEN                SALESMAN                 7698 81/02/20          
      1600        300         30         20 RESEARCH                            
DALLAS                                                                          

     EMPNO ENAME                JOB                       MGR HIREDATE          
---------- -------------------- ------------------ ---------- --------          
       SAL       COMM     DEPTNO     DEPTNO DNAME                               
---------- ---------- ---------- ---------- ----------------------------        
LOC                                                                             
--------------------------                                                      
                                                                                
      7521 WARD                 SALESMAN                 7698 81/02/22          
      1250        500         30         20 RESEARCH                            
DALLAS                                                                          
                                                                                
      7566 JONES                MANAGER                  7839 81/04/02          
      2975                    20         20 RESEARCH                            

     EMPNO ENAME                JOB                       MGR HIREDATE          
---------- -------------------- ------------------ ---------- --------          
       SAL       COMM     DEPTNO     DEPTNO DNAME                               
---------- ---------- ---------- ---------- ----------------------------        
LOC                                                                             
--------------------------                                                      
DALLAS                                                                          
                                                                                
      7654 MARTIN               SALESMAN                 7698 81/09/28          
      1250       1400         30         20 RESEARCH                            
DALLAS                                                                          
                                                                                
      7698 BLAKE                MANAGER                  7839 81/05/01          

     EMPNO ENAME                JOB                       MGR HIREDATE          
---------- -------------------- ------------------ ---------- --------          
       SAL       COMM     DEPTNO     DEPTNO DNAME                               
---------- ---------- ---------- ---------- ----------------------------        
LOC                                                                             
--------------------------                                                      
      2850                    30         20 RESEARCH                            
DALLAS                                                                          
                                                                                
      7782 CLARK                MANAGER                  7839 81/06/09          
      2450                    10         20 RESEARCH                            
DALLAS                                                                          
                                                                                

     EMPNO ENAME                JOB                       MGR HIREDATE          
---------- -------------------- ------------------ ---------- --------          
       SAL       COMM     DEPTNO     DEPTNO DNAME                               
---------- ---------- ---------- ---------- ----------------------------        
LOC                                                                             
--------------------------                                                      
      7788 SCOTT                ANALYST                  7566 87/04/19          
      3000                    20         20 RESEARCH                            
DALLAS                                                                          
                                                                                
      7839 KING                 PRESIDENT                     81/11/17          
      5000                    10         20 RESEARCH                            
DALLAS                                                                          

     EMPNO ENAME                JOB                       MGR HIREDATE          
---------- -------------------- ------------------ ---------- --------          
       SAL       COMM     DEPTNO     DEPTNO DNAME                               
---------- ---------- ---------- ---------- ----------------------------        
LOC                                                                             
--------------------------                                                      
                                                                                
      7844 TURNER               SALESMAN                 7698 81/09/08          
      1500          0         30         20 RESEARCH                            
DALLAS                                                                          
                                                                                
      7876 ADAMS                CLERK                    7788 87/05/23          
      1100                    20         20 RESEARCH                            

     EMPNO ENAME                JOB                       MGR HIREDATE          
---------- -------------------- ------------------ ---------- --------          
       SAL       COMM     DEPTNO     DEPTNO DNAME                               
---------- ---------- ---------- ---------- ----------------------------        
LOC                                                                             
--------------------------                                                      
DALLAS                                                                          
                                                                                
      7900 JAMES                CLERK                    7698 81/12/03          
       950                    30         20 RESEARCH                            
DALLAS                                                                          
                                                                                
      7902 FORD                 ANALYST                  7566 81/12/03          

     EMPNO ENAME                JOB                       MGR HIREDATE          
---------- -------------------- ------------------ ---------- --------          
       SAL       COMM     DEPTNO     DEPTNO DNAME                               
---------- ---------- ---------- ---------- ----------------------------        
LOC                                                                             
--------------------------                                                      
      3000                    20         20 RESEARCH                            
DALLAS                                                                          
                                                                                
      7934 MILLER               CLERK                    7782 82/01/23          
      1300                    10         20 RESEARCH                            
DALLAS                                                                          
                                                                                

     EMPNO ENAME                JOB                       MGR HIREDATE          
---------- -------------------- ------------------ ---------- --------          
       SAL       COMM     DEPTNO     DEPTNO DNAME                               
---------- ---------- ---------- ---------- ----------------------------        
LOC                                                                             
--------------------------                                                      
      7369 SMITH                CLERK                    7902 80/12/17          
       800                    20         30 SALES                               
CHICAGO                                                                         
                                                                                
      7499 ALLEN                SALESMAN                 7698 81/02/20          
      1600        300         30         30 SALES                               
CHICAGO                                                                         

     EMPNO ENAME                JOB                       MGR HIREDATE          
---------- -------------------- ------------------ ---------- --------          
       SAL       COMM     DEPTNO     DEPTNO DNAME                               
---------- ---------- ---------- ---------- ----------------------------        
LOC                                                                             
--------------------------                                                      
                                                                                
      7521 WARD                 SALESMAN                 7698 81/02/22          
      1250        500         30         30 SALES                               
CHICAGO                                                                         
                                                                                
      7566 JONES                MANAGER                  7839 81/04/02          
      2975                    20         30 SALES                               

     EMPNO ENAME                JOB                       MGR HIREDATE          
---------- -------------------- ------------------ ---------- --------          
       SAL       COMM     DEPTNO     DEPTNO DNAME                               
---------- ---------- ---------- ---------- ----------------------------        
LOC                                                                             
--------------------------                                                      
CHICAGO                                                                         
                                                                                
      7654 MARTIN               SALESMAN                 7698 81/09/28          
      1250       1400         30         30 SALES                               
CHICAGO                                                                         
                                                                                
      7698 BLAKE                MANAGER                  7839 81/05/01          

     EMPNO ENAME                JOB                       MGR HIREDATE          
---------- -------------------- ------------------ ---------- --------          
       SAL       COMM     DEPTNO     DEPTNO DNAME                               
---------- ---------- ---------- ---------- ----------------------------        
LOC                                                                             
--------------------------                                                      
      2850                    30         30 SALES                               
CHICAGO                                                                         
                                                                                
      7782 CLARK                MANAGER                  7839 81/06/09          
      2450                    10         30 SALES                               
CHICAGO                                                                         
                                                                                

     EMPNO ENAME                JOB                       MGR HIREDATE          
---------- -------------------- ------------------ ---------- --------          
       SAL       COMM     DEPTNO     DEPTNO DNAME                               
---------- ---------- ---------- ---------- ----------------------------        
LOC                                                                             
--------------------------                                                      
      7788 SCOTT                ANALYST                  7566 87/04/19          
      3000                    20         30 SALES                               
CHICAGO                                                                         
                                                                                
      7839 KING                 PRESIDENT                     81/11/17          
      5000                    10         30 SALES                               
CHICAGO                                                                         

     EMPNO ENAME                JOB                       MGR HIREDATE          
---------- -------------------- ------------------ ---------- --------          
       SAL       COMM     DEPTNO     DEPTNO DNAME                               
---------- ---------- ---------- ---------- ----------------------------        
LOC                                                                             
--------------------------                                                      
                                                                                
      7844 TURNER               SALESMAN                 7698 81/09/08          
      1500          0         30         30 SALES                               
CHICAGO                                                                         
                                                                                
      7876 ADAMS                CLERK                    7788 87/05/23          
      1100                    20         30 SALES                               

     EMPNO ENAME                JOB                       MGR HIREDATE          
---------- -------------------- ------------------ ---------- --------          
       SAL       COMM     DEPTNO     DEPTNO DNAME                               
---------- ---------- ---------- ---------- ----------------------------        
LOC                                                                             
--------------------------                                                      
CHICAGO                                                                         
                                                                                
      7900 JAMES                CLERK                    7698 81/12/03          
       950                    30         30 SALES                               
CHICAGO                                                                         
                                                                                
      7902 FORD                 ANALYST                  7566 81/12/03          

     EMPNO ENAME                JOB                       MGR HIREDATE          
---------- -------------------- ------------------ ---------- --------          
       SAL       COMM     DEPTNO     DEPTNO DNAME                               
---------- ---------- ---------- ---------- ----------------------------        
LOC                                                                             
--------------------------                                                      
      3000                    20         30 SALES                               
CHICAGO                                                                         
                                                                                
      7934 MILLER               CLERK                    7782 82/01/23          
      1300                    10         30 SALES                               
CHICAGO                                                                         
                                                                                

     EMPNO ENAME                JOB                       MGR HIREDATE          
---------- -------------------- ------------------ ---------- --------          
       SAL       COMM     DEPTNO     DEPTNO DNAME                               
---------- ---------- ---------- ---------- ----------------------------        
LOC                                                                             
--------------------------                                                      
      7369 SMITH                CLERK                    7902 80/12/17          
       800                    20         40 OPERATIONS                          
BOSTON                                                                          
                                                                                
      7499 ALLEN                SALESMAN                 7698 81/02/20          
      1600        300         30         40 OPERATIONS                          
BOSTON                                                                          

     EMPNO ENAME                JOB                       MGR HIREDATE          
---------- -------------------- ------------------ ---------- --------          
       SAL       COMM     DEPTNO     DEPTNO DNAME                               
---------- ---------- ---------- ---------- ----------------------------        
LOC                                                                             
--------------------------                                                      
                                                                                
      7521 WARD                 SALESMAN                 7698 81/02/22          
      1250        500         30         40 OPERATIONS                          
BOSTON                                                                          
                                                                                
      7566 JONES                MANAGER                  7839 81/04/02          
      2975                    20         40 OPERATIONS                          

     EMPNO ENAME                JOB                       MGR HIREDATE          
---------- -------------------- ------------------ ---------- --------          
       SAL       COMM     DEPTNO     DEPTNO DNAME                               
---------- ---------- ---------- ---------- ----------------------------        
LOC                                                                             
--------------------------                                                      
BOSTON                                                                          
                                                                                
      7654 MARTIN               SALESMAN                 7698 81/09/28          
      1250       1400         30         40 OPERATIONS                          
BOSTON                                                                          
                                                                                
      7698 BLAKE                MANAGER                  7839 81/05/01          

     EMPNO ENAME                JOB                       MGR HIREDATE          
---------- -------------------- ------------------ ---------- --------          
       SAL       COMM     DEPTNO     DEPTNO DNAME                               
---------- ---------- ---------- ---------- ----------------------------        
LOC                                                                             
--------------------------                                                      
      2850                    30         40 OPERATIONS                          
BOSTON                                                                          
                                                                                
      7782 CLARK                MANAGER                  7839 81/06/09          
      2450                    10         40 OPERATIONS                          
BOSTON                                                                          
                                                                                

     EMPNO ENAME                JOB                       MGR HIREDATE          
---------- -------------------- ------------------ ---------- --------          
       SAL       COMM     DEPTNO     DEPTNO DNAME                               
---------- ---------- ---------- ---------- ----------------------------        
LOC                                                                             
--------------------------                                                      
      7788 SCOTT                ANALYST                  7566 87/04/19          
      3000                    20         40 OPERATIONS                          
BOSTON                                                                          
                                                                                
      7839 KING                 PRESIDENT                     81/11/17          
      5000                    10         40 OPERATIONS                          
BOSTON                                                                          

     EMPNO ENAME                JOB                       MGR HIREDATE          
---------- -------------------- ------------------ ---------- --------          
       SAL       COMM     DEPTNO     DEPTNO DNAME                               
---------- ---------- ---------- ---------- ----------------------------        
LOC                                                                             
--------------------------                                                      
                                                                                
      7844 TURNER               SALESMAN                 7698 81/09/08          
      1500          0         30         40 OPERATIONS                          
BOSTON                                                                          
                                                                                
      7876 ADAMS                CLERK                    7788 87/05/23          
      1100                    20         40 OPERATIONS                          

     EMPNO ENAME                JOB                       MGR HIREDATE          
---------- -------------------- ------------------ ---------- --------          
       SAL       COMM     DEPTNO     DEPTNO DNAME                               
---------- ---------- ---------- ---------- ----------------------------        
LOC                                                                             
--------------------------                                                      
BOSTON                                                                          
                                                                                
      7900 JAMES                CLERK                    7698 81/12/03          
       950                    30         40 OPERATIONS                          
BOSTON                                                                          
                                                                                
      7902 FORD                 ANALYST                  7566 81/12/03          

     EMPNO ENAME                JOB                       MGR HIREDATE          
---------- -------------------- ------------------ ---------- --------          
       SAL       COMM     DEPTNO     DEPTNO DNAME                               
---------- ---------- ---------- ---------- ----------------------------        
LOC                                                                             
--------------------------                                                      
      3000                    20         40 OPERATIONS                          
BOSTON                                                                          
                                                                                
      7934 MILLER               CLERK                    7782 82/01/23          
      1300                    10         40 OPERATIONS                          
BOSTON                                                                          
                                                                                

56 개의 행이 선택되었습니다.

SQL> select * from dept, bonus;

    DEPTNO DNAME                        LOC                                     
---------- ---------------------------- --------------------------              
ENAME                JOB                       SAL       COMM                   
-------------------- ------------------ ---------- ----------                   
        10 ACCOUNTING                   NEW YORK                                
user01               tester                    100         10                   
                                                                                
        10 ACCOUNTING                   NEW YORK                                
user02               tester                    200         20                   
                                                                                
        10 ACCOUNTING                   NEW YORK                                
user03               tester                    300         30                   
                                                                                

    DEPTNO DNAME                        LOC                                     
---------- ---------------------------- --------------------------              
ENAME                JOB                       SAL       COMM                   
-------------------- ------------------ ---------- ----------                   
        10 ACCOUNTING                   NEW YORK                                
user04               tester                    400         40                   
                                                                                
        10 ACCOUNTING                   NEW YORK                                
user05               tester                   5000         50                   
                                                                                
        20 RESEARCH                     DALLAS                                  
user01               tester                    100         10                   
                                                                                

    DEPTNO DNAME                        LOC                                     
---------- ---------------------------- --------------------------              
ENAME                JOB                       SAL       COMM                   
-------------------- ------------------ ---------- ----------                   
        20 RESEARCH                     DALLAS                                  
user02               tester                    200         20                   
                                                                                
        20 RESEARCH                     DALLAS                                  
user03               tester                    300         30                   
                                                                                
        20 RESEARCH                     DALLAS                                  
user04               tester                    400         40                   
                                                                                

    DEPTNO DNAME                        LOC                                     
---------- ---------------------------- --------------------------              
ENAME                JOB                       SAL       COMM                   
-------------------- ------------------ ---------- ----------                   
        20 RESEARCH                     DALLAS                                  
user05               tester                   5000         50                   
                                                                                
        30 SALES                        CHICAGO                                 
user01               tester                    100         10                   
                                                                                
        30 SALES                        CHICAGO                                 
user02               tester                    200         20                   
                                                                                

    DEPTNO DNAME                        LOC                                     
---------- ---------------------------- --------------------------              
ENAME                JOB                       SAL       COMM                   
-------------------- ------------------ ---------- ----------                   
        30 SALES                        CHICAGO                                 
user03               tester                    300         30                   
                                                                                
        30 SALES                        CHICAGO                                 
user04               tester                    400         40                   
                                                                                
        30 SALES                        CHICAGO                                 
user05               tester                   5000         50                   
                                                                                

    DEPTNO DNAME                        LOC                                     
---------- ---------------------------- --------------------------              
ENAME                JOB                       SAL       COMM                   
-------------------- ------------------ ---------- ----------                   
        40 OPERATIONS                   BOSTON                                  
user01               tester                    100         10                   
                                                                                
        40 OPERATIONS                   BOSTON                                  
user02               tester                    200         20                   
                                                                                
        40 OPERATIONS                   BOSTON                                  
user03               tester                    300         30                   
                                                                                

    DEPTNO DNAME                        LOC                                     
---------- ---------------------------- --------------------------              
ENAME                JOB                       SAL       COMM                   
-------------------- ------------------ ---------- ----------                   
        40 OPERATIONS                   BOSTON                                  
user04               tester                    400         40                   
                                                                                
        40 OPERATIONS                   BOSTON                                  
user05               tester                   5000         50                   
                                                                                

20 개의 행이 선택되었습니다.

SQL> select empno,ename,loc from emp, dept;

     EMPNO ENAME                LOC                                             
---------- -------------------- --------------------------                      
      7369 SMITH                NEW YORK                                        
      7499 ALLEN                NEW YORK                                        
      7521 WARD                 NEW YORK                                        
      7566 JONES                NEW YORK                                        
      7654 MARTIN               NEW YORK                                        
      7698 BLAKE                NEW YORK                                        
      7782 CLARK                NEW YORK                                        
      7788 SCOTT                NEW YORK                                        
      7839 KING                 NEW YORK                                        
      7844 TURNER               NEW YORK                                        
      7876 ADAMS                NEW YORK                                        

     EMPNO ENAME                LOC                                             
---------- -------------------- --------------------------                      
      7900 JAMES                NEW YORK                                        
      7902 FORD                 NEW YORK                                        
      7934 MILLER               NEW YORK                                        
      7369 SMITH                DALLAS                                          
      7499 ALLEN                DALLAS                                          
      7521 WARD                 DALLAS                                          
      7566 JONES                DALLAS                                          
      7654 MARTIN               DALLAS                                          
      7698 BLAKE                DALLAS                                          
      7782 CLARK                DALLAS                                          
      7788 SCOTT                DALLAS                                          

     EMPNO ENAME                LOC                                             
---------- -------------------- --------------------------                      
      7839 KING                 DALLAS                                          
      7844 TURNER               DALLAS                                          
      7876 ADAMS                DALLAS                                          
      7900 JAMES                DALLAS                                          
      7902 FORD                 DALLAS                                          
      7934 MILLER               DALLAS                                          
      7369 SMITH                CHICAGO                                         
      7499 ALLEN                CHICAGO                                         
      7521 WARD                 CHICAGO                                         
      7566 JONES                CHICAGO                                         
      7654 MARTIN               CHICAGO                                         

     EMPNO ENAME                LOC                                             
---------- -------------------- --------------------------                      
      7698 BLAKE                CHICAGO                                         
      7782 CLARK                CHICAGO                                         
      7788 SCOTT                CHICAGO                                         
      7839 KING                 CHICAGO                                         
      7844 TURNER               CHICAGO                                         
      7876 ADAMS                CHICAGO                                         
      7900 JAMES                CHICAGO                                         
      7902 FORD                 CHICAGO                                         
      7934 MILLER               CHICAGO                                         
      7369 SMITH                BOSTON                                          
      7499 ALLEN                BOSTON                                          

     EMPNO ENAME                LOC                                             
---------- -------------------- --------------------------                      
      7521 WARD                 BOSTON                                          
      7566 JONES                BOSTON                                          
      7654 MARTIN               BOSTON                                          
      7698 BLAKE                BOSTON                                          
      7782 CLARK                BOSTON                                          
      7788 SCOTT                BOSTON                                          
      7839 KING                 BOSTON                                          
      7844 TURNER               BOSTON                                          
      7876 ADAMS                BOSTON                                          
      7900 JAMES                BOSTON                                          
      7902 FORD                 BOSTON                                          

     EMPNO ENAME                LOC                                             
---------- -------------------- --------------------------                      
      7934 MILLER               BOSTON                                          

56 개의 행이 선택되었습니다.

SQL> select empno,ename,loc,deptno from emp, dept;
select empno,ename,loc,deptno from emp, dept
                       *
1행에 오류:
ORA-00918: 열의 정의가 애매합니다 


SQL> select empno,ename,loc,emp.deptno from emp, dept;

     EMPNO ENAME                LOC                            DEPTNO           
---------- -------------------- -------------------------- ----------           
      7369 SMITH                NEW YORK                           20           
      7499 ALLEN                NEW YORK                           30           
      7521 WARD                 NEW YORK                           30           
      7566 JONES                NEW YORK                           20           
      7654 MARTIN               NEW YORK                           30           
      7698 BLAKE                NEW YORK                           30           
      7782 CLARK                NEW YORK                           10           
      7788 SCOTT                NEW YORK                           20           
      7839 KING                 NEW YORK                           10           
      7844 TURNER               NEW YORK                           30           
      7876 ADAMS                NEW YORK                           20           

     EMPNO ENAME                LOC                            DEPTNO           
---------- -------------------- -------------------------- ----------           
      7900 JAMES                NEW YORK                           30           
      7902 FORD                 NEW YORK                           20           
      7934 MILLER               NEW YORK                           10           
      7369 SMITH                DALLAS                             20           
      7499 ALLEN                DALLAS                             30           
      7521 WARD                 DALLAS                             30           
      7566 JONES                DALLAS                             20           
      7654 MARTIN               DALLAS                             30           
      7698 BLAKE                DALLAS                             30           
      7782 CLARK                DALLAS                             10           
      7788 SCOTT                DALLAS                             20           

     EMPNO ENAME                LOC                            DEPTNO           
---------- -------------------- -------------------------- ----------           
      7839 KING                 DALLAS                             10           
      7844 TURNER               DALLAS                             30           
      7876 ADAMS                DALLAS                             20           
      7900 JAMES                DALLAS                             30           
      7902 FORD                 DALLAS                             20           
      7934 MILLER               DALLAS                             10           
      7369 SMITH                CHICAGO                            20           
      7499 ALLEN                CHICAGO                            30           
      7521 WARD                 CHICAGO                            30           
      7566 JONES                CHICAGO                            20           
      7654 MARTIN               CHICAGO                            30           

     EMPNO ENAME                LOC                            DEPTNO           
---------- -------------------- -------------------------- ----------           
      7698 BLAKE                CHICAGO                            30           
      7782 CLARK                CHICAGO                            10           
      7788 SCOTT                CHICAGO                            20           
      7839 KING                 CHICAGO                            10           
      7844 TURNER               CHICAGO                            30           
      7876 ADAMS                CHICAGO                            20           
      7900 JAMES                CHICAGO                            30           
      7902 FORD                 CHICAGO                            20           
      7934 MILLER               CHICAGO                            10           
      7369 SMITH                BOSTON                             20           
      7499 ALLEN                BOSTON                             30           

     EMPNO ENAME                LOC                            DEPTNO           
---------- -------------------- -------------------------- ----------           
      7521 WARD                 BOSTON                             30           
      7566 JONES                BOSTON                             20           
      7654 MARTIN               BOSTON                             30           
      7698 BLAKE                BOSTON                             30           
      7782 CLARK                BOSTON                             10           
      7788 SCOTT                BOSTON                             20           
      7839 KING                 BOSTON                             10           
      7844 TURNER               BOSTON                             30           
      7876 ADAMS                BOSTON                             20           
      7900 JAMES                BOSTON                             30           
      7902 FORD                 BOSTON                             20           

     EMPNO ENAME                LOC                            DEPTNO           
---------- -------------------- -------------------------- ----------           
      7934 MILLER               BOSTON                             10           

56 개의 행이 선택되었습니다.

SQL> select empno,ename,loc,emp.deptno,dept.deptno from emp, dept;

     EMPNO ENAME                LOC                            DEPTNO     DEPTNO
---------- -------------------- -------------------------- ---------- ----------
      7369 SMITH                NEW YORK                           20         10
      7499 ALLEN                NEW YORK                           30         10
      7521 WARD                 NEW YORK                           30         10
      7566 JONES                NEW YORK                           20         10
      7654 MARTIN               NEW YORK                           30         10
      7698 BLAKE                NEW YORK                           30         10
      7782 CLARK                NEW YORK                           10         10
      7788 SCOTT                NEW YORK                           20         10
      7839 KING                 NEW YORK                           10         10
      7844 TURNER               NEW YORK                           30         10
      7876 ADAMS                NEW YORK                           20         10

     EMPNO ENAME                LOC                            DEPTNO     DEPTNO
---------- -------------------- -------------------------- ---------- ----------
      7900 JAMES                NEW YORK                           30         10
      7902 FORD                 NEW YORK                           20         10
      7934 MILLER               NEW YORK                           10         10
      7369 SMITH                DALLAS                             20         20
      7499 ALLEN                DALLAS                             30         20
      7521 WARD                 DALLAS                             30         20
      7566 JONES                DALLAS                             20         20
      7654 MARTIN               DALLAS                             30         20
      7698 BLAKE                DALLAS                             30         20
      7782 CLARK                DALLAS                             10         20
      7788 SCOTT                DALLAS                             20         20

     EMPNO ENAME                LOC                            DEPTNO     DEPTNO
---------- -------------------- -------------------------- ---------- ----------
      7839 KING                 DALLAS                             10         20
      7844 TURNER               DALLAS                             30         20
      7876 ADAMS                DALLAS                             20         20
      7900 JAMES                DALLAS                             30         20
      7902 FORD                 DALLAS                             20         20
      7934 MILLER               DALLAS                             10         20
      7369 SMITH                CHICAGO                            20         30
      7499 ALLEN                CHICAGO                            30         30
      7521 WARD                 CHICAGO                            30         30
      7566 JONES                CHICAGO                            20         30
      7654 MARTIN               CHICAGO                            30         30

     EMPNO ENAME                LOC                            DEPTNO     DEPTNO
---------- -------------------- -------------------------- ---------- ----------
      7698 BLAKE                CHICAGO                            30         30
      7782 CLARK                CHICAGO                            10         30
      7788 SCOTT                CHICAGO                            20         30
      7839 KING                 CHICAGO                            10         30
      7844 TURNER               CHICAGO                            30         30
      7876 ADAMS                CHICAGO                            20         30
      7900 JAMES                CHICAGO                            30         30
      7902 FORD                 CHICAGO                            20         30
      7934 MILLER               CHICAGO                            10         30
      7369 SMITH                BOSTON                             20         40
      7499 ALLEN                BOSTON                             30         40

     EMPNO ENAME                LOC                            DEPTNO     DEPTNO
---------- -------------------- -------------------------- ---------- ----------
      7521 WARD                 BOSTON                             30         40
      7566 JONES                BOSTON                             20         40
      7654 MARTIN               BOSTON                             30         40
      7698 BLAKE                BOSTON                             30         40
      7782 CLARK                BOSTON                             10         40
      7788 SCOTT                BOSTON                             20         40
      7839 KING                 BOSTON                             10         40
      7844 TURNER               BOSTON                             30         40
      7876 ADAMS                BOSTON                             20         40
      7900 JAMES                BOSTON                             30         40
      7902 FORD                 BOSTON                             20         40

     EMPNO ENAME                LOC                            DEPTNO     DEPTNO
---------- -------------------- -------------------------- ---------- ----------
      7934 MILLER               BOSTON                             10         40

56 개의 행이 선택되었습니다.

SQL> select empno,ename,loc,emp.deptno,dept.deptno from emp, dept
  2  where emp.deptno=dept.deptno;

     EMPNO ENAME                LOC                            DEPTNO     DEPTNO
---------- -------------------- -------------------------- ---------- ----------
      7369 SMITH                DALLAS                             20         20
      7499 ALLEN                CHICAGO                            30         30
      7521 WARD                 CHICAGO                            30         30
      7566 JONES                DALLAS                             20         20
      7654 MARTIN               CHICAGO                            30         30
      7698 BLAKE                CHICAGO                            30         30
      7782 CLARK                NEW YORK                           10         10
      7788 SCOTT                DALLAS                             20         20
      7839 KING                 NEW YORK                           10         10
      7844 TURNER               CHICAGO                            30         30
      7876 ADAMS                DALLAS                             20         20

     EMPNO ENAME                LOC                            DEPTNO     DEPTNO
---------- -------------------- -------------------------- ---------- ----------
      7900 JAMES                CHICAGO                            30         30
      7902 FORD                 DALLAS                             20         20
      7934 MILLER               NEW YORK                           10         10

14 개의 행이 선택되었습니다.

SQL> select empno,ename,loc from emp, dept where emp.deptno=dept.deptno;

     EMPNO ENAME                LOC                                             
---------- -------------------- --------------------------                      
      7369 SMITH                DALLAS                                          
      7499 ALLEN                CHICAGO                                         
      7521 WARD                 CHICAGO                                         
      7566 JONES                DALLAS                                          
      7654 MARTIN               CHICAGO                                         
      7698 BLAKE                CHICAGO                                         
      7782 CLARK                NEW YORK                                        
      7788 SCOTT                DALLAS                                          
      7839 KING                 NEW YORK                                        
      7844 TURNER               CHICAGO                                         
      7876 ADAMS                DALLAS                                          

     EMPNO ENAME                LOC                                             
---------- -------------------- --------------------------                      
      7900 JAMES                CHICAGO                                         
      7902 FORD                 DALLAS                                          
      7934 MILLER               NEW YORK                                        

14 개의 행이 선택되었습니다.

SQL> select emp.empno,emp.ename,dept.loc from emp, dept where emp.deptno=dept.deptno;

     EMPNO ENAME                LOC                                             
---------- -------------------- --------------------------                      
      7369 SMITH                DALLAS                                          
      7499 ALLEN                CHICAGO                                         
      7521 WARD                 CHICAGO                                         
      7566 JONES                DALLAS                                          
      7654 MARTIN               CHICAGO                                         
      7698 BLAKE                CHICAGO                                         
      7782 CLARK                NEW YORK                                        
      7788 SCOTT                DALLAS                                          
      7839 KING                 NEW YORK                                        
      7844 TURNER               CHICAGO                                         
      7876 ADAMS                DALLAS                                          

     EMPNO ENAME                LOC                                             
---------- -------------------- --------------------------                      
      7900 JAMES                CHICAGO                                         
      7902 FORD                 DALLAS                                          
      7934 MILLER               NEW YORK                                        

14 개의 행이 선택되었습니다.

SQL> select empno,ename,loc from emp A, dept B where A.deptno=B.deptno;

     EMPNO ENAME                LOC                                             
---------- -------------------- --------------------------                      
      7369 SMITH                DALLAS                                          
      7499 ALLEN                CHICAGO                                         
      7521 WARD                 CHICAGO                                         
      7566 JONES                DALLAS                                          
      7654 MARTIN               CHICAGO                                         
      7698 BLAKE                CHICAGO                                         
      7782 CLARK                NEW YORK                                        
      7788 SCOTT                DALLAS                                          
      7839 KING                 NEW YORK                                        
      7844 TURNER               CHICAGO                                         
      7876 ADAMS                DALLAS                                          

     EMPNO ENAME                LOC                                             
---------- -------------------- --------------------------                      
      7900 JAMES                CHICAGO                                         
      7902 FORD                 DALLAS                                          
      7934 MILLER               NEW YORK                                        

14 개의 행이 선택되었습니다.

SQL> select A.empno,A.ename,B.loc from emp A, dept B where A.deptno=B.deptno;

     EMPNO ENAME                LOC                                             
---------- -------------------- --------------------------                      
      7369 SMITH                DALLAS                                          
      7499 ALLEN                CHICAGO                                         
      7521 WARD                 CHICAGO                                         
      7566 JONES                DALLAS                                          
      7654 MARTIN               CHICAGO                                         
      7698 BLAKE                CHICAGO                                         
      7782 CLARK                NEW YORK                                        
      7788 SCOTT                DALLAS                                          
      7839 KING                 NEW YORK                                        
      7844 TURNER               CHICAGO                                         
      7876 ADAMS                DALLAS                                          

     EMPNO ENAME                LOC                                             
---------- -------------------- --------------------------                      
      7900 JAMES                CHICAGO                                         
      7902 FORD                 DALLAS                                          
      7934 MILLER               NEW YORK                                        

14 개의 행이 선택되었습니다.

SQL> select A.empno,A.ename,B.loc from emp A, dept B where A.deptno=B.deptno and sal>2000;

     EMPNO ENAME                LOC                                             
---------- -------------------- --------------------------                      
      7566 JONES                DALLAS                                          
      7698 BLAKE                CHICAGO                                         
      7782 CLARK                NEW YORK                                        
      7788 SCOTT                DALLAS                                          
      7839 KING                 NEW YORK                                        
      7902 FORD                 DALLAS                                          

6 개의 행이 선택되었습니다.

SQL> select A.empno,A.ename,B.loc from emp A, dept B where A.deptno!=B.deptno;

     EMPNO ENAME                LOC                                             
---------- -------------------- --------------------------                      
      7369 SMITH                NEW YORK                                        
      7499 ALLEN                NEW YORK                                        
      7521 WARD                 NEW YORK                                        
      7566 JONES                NEW YORK                                        
      7654 MARTIN               NEW YORK                                        
      7698 BLAKE                NEW YORK                                        
      7788 SCOTT                NEW YORK                                        
      7844 TURNER               NEW YORK                                        
      7876 ADAMS                NEW YORK                                        
      7900 JAMES                NEW YORK                                        
      7902 FORD                 NEW YORK                                        

     EMPNO ENAME                LOC                                             
---------- -------------------- --------------------------                      
      7499 ALLEN                DALLAS                                          
      7521 WARD                 DALLAS                                          
      7654 MARTIN               DALLAS                                          
      7698 BLAKE                DALLAS                                          
      7782 CLARK                DALLAS                                          
      7839 KING                 DALLAS                                          
      7844 TURNER               DALLAS                                          
      7900 JAMES                DALLAS                                          
      7934 MILLER               DALLAS                                          
      7369 SMITH                CHICAGO                                         
      7566 JONES                CHICAGO                                         

     EMPNO ENAME                LOC                                             
---------- -------------------- --------------------------                      
      7782 CLARK                CHICAGO                                         
      7788 SCOTT                CHICAGO                                         
      7839 KING                 CHICAGO                                         
      7876 ADAMS                CHICAGO                                         
      7902 FORD                 CHICAGO                                         
      7934 MILLER               CHICAGO                                         
      7369 SMITH                BOSTON                                          
      7499 ALLEN                BOSTON                                          
      7521 WARD                 BOSTON                                          
      7566 JONES                BOSTON                                          
      7654 MARTIN               BOSTON                                          

     EMPNO ENAME                LOC                                             
---------- -------------------- --------------------------                      
      7698 BLAKE                BOSTON                                          
      7782 CLARK                BOSTON                                          
      7788 SCOTT                BOSTON                                          
      7839 KING                 BOSTON                                          
      7844 TURNER               BOSTON                                          
      7876 ADAMS                BOSTON                                          
      7900 JAMES                BOSTON                                          
      7902 FORD                 BOSTON                                          
      7934 MILLER               BOSTON                                          

42 개의 행이 선택되었습니다.

SQL> select A.empno,A.ename,B.loc from emp A, dept B where A.deptno(+)=B.deptno;

     EMPNO ENAME                LOC                                             
---------- -------------------- --------------------------                      
      7782 CLARK                NEW YORK                                        
      7839 KING                 NEW YORK                                        
      7934 MILLER               NEW YORK                                        
      7566 JONES                DALLAS                                          
      7902 FORD                 DALLAS                                          
      7876 ADAMS                DALLAS                                          
      7369 SMITH                DALLAS                                          
      7788 SCOTT                DALLAS                                          
      7521 WARD                 CHICAGO                                         
      7844 TURNER               CHICAGO                                         
      7499 ALLEN                CHICAGO                                         

     EMPNO ENAME                LOC                                             
---------- -------------------- --------------------------                      
      7900 JAMES                CHICAGO                                         
      7698 BLAKE                CHICAGO                                         
      7654 MARTIN               CHICAGO                                         
                                BOSTON                                          

15 개의 행이 선택되었습니다.

SQL> select A.empno,A.ename,B.loc from emp A, dept B where A.deptno=B.deptno;

     EMPNO ENAME                LOC                                             
---------- -------------------- --------------------------                      
      7369 SMITH                DALLAS                                          
      7499 ALLEN                CHICAGO                                         
      7521 WARD                 CHICAGO                                         
      7566 JONES                DALLAS                                          
      7654 MARTIN               CHICAGO                                         
      7698 BLAKE                CHICAGO                                         
      7782 CLARK                NEW YORK                                        
      7788 SCOTT                DALLAS                                          
      7839 KING                 NEW YORK                                        
      7844 TURNER               CHICAGO                                         
      7876 ADAMS                DALLAS                                          

     EMPNO ENAME                LOC                                             
---------- -------------------- --------------------------                      
      7900 JAMES                CHICAGO                                         
      7902 FORD                 DALLAS                                          
      7934 MILLER               NEW YORK                                        

14 개의 행이 선택되었습니다.

SQL> select A.empno,A.ename,B.loc from emp A, dept B where A.deptno(+)=B.deptno;

     EMPNO ENAME                LOC                                             
---------- -------------------- --------------------------                      
      7782 CLARK                NEW YORK                                        
      7839 KING                 NEW YORK                                        
      7934 MILLER               NEW YORK                                        
      7566 JONES                DALLAS                                          
      7902 FORD                 DALLAS                                          
      7876 ADAMS                DALLAS                                          
      7369 SMITH                DALLAS                                          
      7788 SCOTT                DALLAS                                          
      7521 WARD                 CHICAGO                                         
      7844 TURNER               CHICAGO                                         
      7499 ALLEN                CHICAGO                                         

     EMPNO ENAME                LOC                                             
---------- -------------------- --------------------------                      
      7900 JAMES                CHICAGO                                         
      7698 BLAKE                CHICAGO                                         
      7654 MARTIN               CHICAGO                                         
                                BOSTON                                          

15 개의 행이 선택되었습니다.

SQL> select A.empno,A.ename,B.loc,B.deptno from emp A, dept B where A.deptno(+)=B.deptno;

     EMPNO ENAME                LOC                            DEPTNO           
---------- -------------------- -------------------------- ----------           
      7782 CLARK                NEW YORK                           10           
      7839 KING                 NEW YORK                           10           
      7934 MILLER               NEW YORK                           10           
      7566 JONES                DALLAS                             20           
      7902 FORD                 DALLAS                             20           
      7876 ADAMS                DALLAS                             20           
      7369 SMITH                DALLAS                             20           
      7788 SCOTT                DALLAS                             20           
      7521 WARD                 CHICAGO                            30           
      7844 TURNER               CHICAGO                            30           
      7499 ALLEN                CHICAGO                            30           

     EMPNO ENAME                LOC                            DEPTNO           
---------- -------------------- -------------------------- ----------           
      7900 JAMES                CHICAGO                            30           
      7698 BLAKE                CHICAGO                            30           
      7654 MARTIN               CHICAGO                            30           
                                BOSTON                             40           

15 개의 행이 선택되었습니다.

SQL> select A.empno,A.ename,B.loc,B.deptno from emp A, dept B where A.deptno=B.deptno(+);

     EMPNO ENAME                LOC                            DEPTNO           
---------- -------------------- -------------------------- ----------           
      7369 SMITH                DALLAS                             20           
      7499 ALLEN                CHICAGO                            30           
      7521 WARD                 CHICAGO                            30           
      7566 JONES                DALLAS                             20           
      7654 MARTIN               CHICAGO                            30           
      7698 BLAKE                CHICAGO                            30           
      7782 CLARK                NEW YORK                           10           
      7788 SCOTT                DALLAS                             20           
      7839 KING                 NEW YORK                           10           
      7844 TURNER               CHICAGO                            30           
      7876 ADAMS                DALLAS                             20           

     EMPNO ENAME                LOC                            DEPTNO           
---------- -------------------- -------------------------- ----------           
      7900 JAMES                CHICAGO                            30           
      7902 FORD                 DALLAS                             20           
      7934 MILLER               NEW YORK                           10           

14 개의 행이 선택되었습니다.

SQL> edit mytable06.sql

SQL> start mytable06.sql

테이블이 생성되었습니다.


테이블이 생성되었습니다.


1 개의 행이 만들어졌습니다.


1 개의 행이 만들어졌습니다.


1 개의 행이 만들어졌습니다.


1 개의 행이 만들어졌습니다.


1 개의 행이 만들어졌습니다.


1 개의 행이 만들어졌습니다.

SQL> select * from mytable06;

       NUM NAME                                                                 
---------- ------------                                                         
      1111 aa                                                                   
      2222 bb                                                                   
      3333 cc                                                                   

SQL> select * from mytable07;

       NUM TITLE                                                                
---------- ------------------                                                   
      1111 제목1                                                                
      2222 제목2                                                                
      4444 제목4                                                                

SQL> select * from mytable06, mytable07;

       NUM NAME                NUM TITLE                                        
---------- ------------ ---------- ------------------                           
      1111 aa                 1111 제목1                                        
      1111 aa                 2222 제목2                                        
      1111 aa                 4444 제목4                                        
      2222 bb                 1111 제목1                                        
      2222 bb                 2222 제목2                                        
      2222 bb                 4444 제목4                                        
      3333 cc                 1111 제목1                                        
      3333 cc                 2222 제목2                                        
      3333 cc                 4444 제목4                                        

9 개의 행이 선택되었습니다.

SQL> select * from mytable06 A, mytable07 B where A.num=B.num;

       NUM NAME                NUM TITLE                                        
---------- ------------ ---------- ------------------                           
      1111 aa                 1111 제목1                                        
      2222 bb                 2222 제목2                                        

SQL> select * from mytable06 A, mytable07 B where A.num!=B.num;

       NUM NAME                NUM TITLE                                        
---------- ------------ ---------- ------------------                           
      1111 aa                 2222 제목2                                        
      1111 aa                 4444 제목4                                        
      2222 bb                 1111 제목1                                        
      2222 bb                 4444 제목4                                        
      3333 cc                 1111 제목1                                        
      3333 cc                 2222 제목2                                        
      3333 cc                 4444 제목4                                        

7 개의 행이 선택되었습니다.

SQL> select * from mytable06 A, mytable07 B where A.num=B.num(+);

       NUM NAME                NUM TITLE                                        
---------- ------------ ---------- ------------------                           
      1111 aa                 1111 제목1                                        
      2222 bb                 2222 제목2                                        
      3333 cc                                                                   

SQL> select * from mytable06 A, mytable07 B where A.num(+)=B.num;

       NUM NAME                NUM TITLE                                        
---------- ------------ ---------- ------------------                           
      1111 aa                 1111 제목1                                        
      2222 bb                 2222 제목2                                        
                              4444 제목4                                        

SQL> select * from emp,emp;
select * from emp,emp
       *
1행에 오류:
ORA-00918: 열의 정의가 애매합니다 


SQL> desc emp;
 이름                                      널?      유형
 ----------------------------------------- -------- ----------------------------
 EMPNO                                     NOT NULL NUMBER(4)
 ENAME                                              VARCHAR2(10)
 JOB                                                VARCHAR2(9)
 MGR                                                NUMBER(4)
 HIREDATE                                           DATE
 SAL                                                NUMBER(7,2)
 COMM                                               NUMBER(7,2)
 DEPTNO                                             NUMBER(2)

SQL> select A.empno,A.ename,B.empno,B.ename from emp A, emp B where A.mgr=B.empno;

     EMPNO ENAME                     EMPNO ENAME                                
---------- -------------------- ---------- --------------------                 
      7369 SMITH                      7902 FORD                                 
      7499 ALLEN                      7698 BLAKE                                
      7521 WARD                       7698 BLAKE                                
      7566 JONES                      7839 KING                                 
      7654 MARTIN                     7698 BLAKE                                
      7698 BLAKE                      7839 KING                                 
      7782 CLARK                      7839 KING                                 
      7788 SCOTT                      7566 JONES                                
      7844 TURNER                     7698 BLAKE                                
      7876 ADAMS                      7788 SCOTT                                
      7900 JAMES                      7698 BLAKE                                

     EMPNO ENAME                     EMPNO ENAME                                
---------- -------------------- ---------- --------------------                 
      7902 FORD                       7566 JONES                                
      7934 MILLER                     7782 CLARK                                

13 개의 행이 선택되었습니다.

SQL> select A.empno,A.ename,A.mgr,B.empno,B.ename from emp A, emp B where A.mgr=B.empno;

     EMPNO ENAME                       MGR      EMPNO ENAME                     
---------- -------------------- ---------- ---------- --------------------      
      7369 SMITH                      7902       7902 FORD                      
      7499 ALLEN                      7698       7698 BLAKE                     
      7521 WARD                       7698       7698 BLAKE                     
      7566 JONES                      7839       7839 KING                      
      7654 MARTIN                     7698       7698 BLAKE                     
      7698 BLAKE                      7839       7839 KING                      
      7782 CLARK                      7839       7839 KING                      
      7788 SCOTT                      7566       7566 JONES                     
      7844 TURNER                     7698       7698 BLAKE                     
      7876 ADAMS                      7788       7788 SCOTT                     
      7900 JAMES                      7698       7698 BLAKE                     

     EMPNO ENAME                       MGR      EMPNO ENAME                     
---------- -------------------- ---------- ---------- --------------------      
      7902 FORD                       7566       7566 JONES                     
      7934 MILLER                     7782       7782 CLARK                     

13 개의 행이 선택되었습니다.

SQL> select * from mytable06, mytable07;

       NUM NAME                NUM TITLE                                        
---------- ------------ ---------- ------------------                           
      1111 aa                 1111 제목1                                        
      1111 aa                 2222 제목2                                        
      1111 aa                 4444 제목4                                        
      2222 bb                 1111 제목1                                        
      2222 bb                 2222 제목2                                        
      2222 bb                 4444 제목4                                        
      3333 cc                 1111 제목1                                        
      3333 cc                 2222 제목2                                        
      3333 cc                 4444 제목4                                        

9 개의 행이 선택되었습니다.

SQL> select * from mytable06 cross join mytable07;

       NUM NAME                NUM TITLE                                        
---------- ------------ ---------- ------------------                           
      1111 aa                 1111 제목1                                        
      1111 aa                 2222 제목2                                        
      1111 aa                 4444 제목4                                        
      2222 bb                 1111 제목1                                        
      2222 bb                 2222 제목2                                        
      2222 bb                 4444 제목4                                        
      3333 cc                 1111 제목1                                        
      3333 cc                 2222 제목2                                        
      3333 cc                 4444 제목4                                        

9 개의 행이 선택되었습니다.

SQL> select * from mytable06 A inner join mytable07 B on A.num=B.num;

       NUM NAME                NUM TITLE                                        
---------- ------------ ---------- ------------------                           
      1111 aa                 1111 제목1                                        
      2222 bb                 2222 제목2                                        

SQL> select * from mytable06 A inner join mytable07 B using num;
select * from mytable06 A inner join mytable07 B using num
                                                       *
1행에 오류:
ORA-00906: 누락된 좌괄호 


SQL> select * from mytable06 A inner join mytable07 B using (num);

       NUM NAME         TITLE                                                   
---------- ------------ ------------------                                      
      1111 aa           제목1                                                   
      2222 bb           제목2                                                   

SQL> select * from mytable06 natural join mytable07;

       NUM NAME         TITLE                                                   
---------- ------------ ------------------                                      
      1111 aa           제목1                                                   
      2222 bb           제목2                                                   

SQL> select * from emp natural join dept;

    DEPTNO      EMPNO ENAME                JOB                       MGR        
---------- ---------- -------------------- ------------------ ----------        
HIREDATE        SAL       COMM DNAME                                            
-------- ---------- ---------- ----------------------------                     
LOC                                                                             
--------------------------                                                      
        20       7369 SMITH                CLERK                    7902        
80/12/17        800            RESEARCH                                         
DALLAS                                                                          
                                                                                
        30       7499 ALLEN                SALESMAN                 7698        
81/02/20       1600        300 SALES                                            
CHICAGO                                                                         

    DEPTNO      EMPNO ENAME                JOB                       MGR        
---------- ---------- -------------------- ------------------ ----------        
HIREDATE        SAL       COMM DNAME                                            
-------- ---------- ---------- ----------------------------                     
LOC                                                                             
--------------------------                                                      
                                                                                
        30       7521 WARD                 SALESMAN                 7698        
81/02/22       1250        500 SALES                                            
CHICAGO                                                                         
                                                                                
        20       7566 JONES                MANAGER                  7839        
81/04/02       2975            RESEARCH                                         

    DEPTNO      EMPNO ENAME                JOB                       MGR        
---------- ---------- -------------------- ------------------ ----------        
HIREDATE        SAL       COMM DNAME                                            
-------- ---------- ---------- ----------------------------                     
LOC                                                                             
--------------------------                                                      
DALLAS                                                                          
                                                                                
        30       7654 MARTIN               SALESMAN                 7698        
81/09/28       1250       1400 SALES                                            
CHICAGO                                                                         
                                                                                
        30       7698 BLAKE                MANAGER                  7839        

    DEPTNO      EMPNO ENAME                JOB                       MGR        
---------- ---------- -------------------- ------------------ ----------        
HIREDATE        SAL       COMM DNAME                                            
-------- ---------- ---------- ----------------------------                     
LOC                                                                             
--------------------------                                                      
81/05/01       2850            SALES                                            
CHICAGO                                                                         
                                                                                
        10       7782 CLARK                MANAGER                  7839        
81/06/09       2450            ACCOUNTING                                       
NEW YORK                                                                        
                                                                                

    DEPTNO      EMPNO ENAME                JOB                       MGR        
---------- ---------- -------------------- ------------------ ----------        
HIREDATE        SAL       COMM DNAME                                            
-------- ---------- ---------- ----------------------------                     
LOC                                                                             
--------------------------                                                      
        20       7788 SCOTT                ANALYST                  7566        
87/04/19       3000            RESEARCH                                         
DALLAS                                                                          
                                                                                
        10       7839 KING                 PRESIDENT                            
81/11/17       5000            ACCOUNTING                                       
NEW YORK                                                                        

    DEPTNO      EMPNO ENAME                JOB                       MGR        
---------- ---------- -------------------- ------------------ ----------        
HIREDATE        SAL       COMM DNAME                                            
-------- ---------- ---------- ----------------------------                     
LOC                                                                             
--------------------------                                                      
                                                                                
        30       7844 TURNER               SALESMAN                 7698        
81/09/08       1500          0 SALES                                            
CHICAGO                                                                         
                                                                                
        20       7876 ADAMS                CLERK                    7788        
87/05/23       1100            RESEARCH                                         

    DEPTNO      EMPNO ENAME                JOB                       MGR        
---------- ---------- -------------------- ------------------ ----------        
HIREDATE        SAL       COMM DNAME                                            
-------- ---------- ---------- ----------------------------                     
LOC                                                                             
--------------------------                                                      
DALLAS                                                                          
                                                                                
        30       7900 JAMES                CLERK                    7698        
81/12/03        950            SALES                                            
CHICAGO                                                                         
                                                                                
        20       7902 FORD                 ANALYST                  7566        

    DEPTNO      EMPNO ENAME                JOB                       MGR        
---------- ---------- -------------------- ------------------ ----------        
HIREDATE        SAL       COMM DNAME                                            
-------- ---------- ---------- ----------------------------                     
LOC                                                                             
--------------------------                                                      
81/12/03       3000            RESEARCH                                         
DALLAS                                                                          
                                                                                
        10       7934 MILLER               CLERK                    7782        
82/01/23       1300            ACCOUNTING                                       
NEW YORK                                                                        
                                                                                

14 개의 행이 선택되었습니다.

SQL> select empno,ename,loc,dname from emp natural join dept;

     EMPNO ENAME                LOC                                             
---------- -------------------- --------------------------                      
DNAME                                                                           
----------------------------                                                    
      7369 SMITH                DALLAS                                          
RESEARCH                                                                        
                                                                                
      7499 ALLEN                CHICAGO                                         
SALES                                                                           
                                                                                
      7521 WARD                 CHICAGO                                         
SALES                                                                           
                                                                                

     EMPNO ENAME                LOC                                             
---------- -------------------- --------------------------                      
DNAME                                                                           
----------------------------                                                    
      7566 JONES                DALLAS                                          
RESEARCH                                                                        
                                                                                
      7654 MARTIN               CHICAGO                                         
SALES                                                                           
                                                                                
      7698 BLAKE                CHICAGO                                         
SALES                                                                           
                                                                                

     EMPNO ENAME                LOC                                             
---------- -------------------- --------------------------                      
DNAME                                                                           
----------------------------                                                    
      7782 CLARK                NEW YORK                                        
ACCOUNTING                                                                      
                                                                                
      7788 SCOTT                DALLAS                                          
RESEARCH                                                                        
                                                                                
      7839 KING                 NEW YORK                                        
ACCOUNTING                                                                      
                                                                                

     EMPNO ENAME                LOC                                             
---------- -------------------- --------------------------                      
DNAME                                                                           
----------------------------                                                    
      7844 TURNER               CHICAGO                                         
SALES                                                                           
                                                                                
      7876 ADAMS                DALLAS                                          
RESEARCH                                                                        
                                                                                
      7900 JAMES                CHICAGO                                         
SALES                                                                           
                                                                                

     EMPNO ENAME                LOC                                             
---------- -------------------- --------------------------                      
DNAME                                                                           
----------------------------                                                    
      7902 FORD                 DALLAS                                          
RESEARCH                                                                        
                                                                                
      7934 MILLER               NEW YORK                                        
ACCOUNTING                                                                      
                                                                                

14 개의 행이 선택되었습니다.

SQL> select empno,ename,loc from emp natural join dept;

     EMPNO ENAME                LOC                                             
---------- -------------------- --------------------------                      
      7369 SMITH                DALLAS                                          
      7499 ALLEN                CHICAGO                                         
      7521 WARD                 CHICAGO                                         
      7566 JONES                DALLAS                                          
      7654 MARTIN               CHICAGO                                         
      7698 BLAKE                CHICAGO                                         
      7782 CLARK                NEW YORK                                        
      7788 SCOTT                DALLAS                                          
      7839 KING                 NEW YORK                                        
      7844 TURNER               CHICAGO                                         
      7876 ADAMS                DALLAS                                          

     EMPNO ENAME                LOC                                             
---------- -------------------- --------------------------                      
      7900 JAMES                CHICAGO                                         
      7902 FORD                 DALLAS                                          
      7934 MILLER               NEW YORK                                        

14 개의 행이 선택되었습니다.

SQL> select empno,ename,loc from emp inner join dept using (deptno);

     EMPNO ENAME                LOC                                             
---------- -------------------- --------------------------                      
      7369 SMITH                DALLAS                                          
      7499 ALLEN                CHICAGO                                         
      7521 WARD                 CHICAGO                                         
      7566 JONES                DALLAS                                          
      7654 MARTIN               CHICAGO                                         
      7698 BLAKE                CHICAGO                                         
      7782 CLARK                NEW YORK                                        
      7788 SCOTT                DALLAS                                          
      7839 KING                 NEW YORK                                        
      7844 TURNER               CHICAGO                                         
      7876 ADAMS                DALLAS                                          

     EMPNO ENAME                LOC                                             
---------- -------------------- --------------------------                      
      7900 JAMES                CHICAGO                                         
      7902 FORD                 DALLAS                                          
      7934 MILLER               NEW YORK                                        

14 개의 행이 선택되었습니다.

SQL> select empno,ename,loc from emp inner join dept on emp.deptno=dept.deptno;

     EMPNO ENAME                LOC                                             
---------- -------------------- --------------------------                      
      7369 SMITH                DALLAS                                          
      7499 ALLEN                CHICAGO                                         
      7521 WARD                 CHICAGO                                         
      7566 JONES                DALLAS                                          
      7654 MARTIN               CHICAGO                                         
      7698 BLAKE                CHICAGO                                         
      7782 CLARK                NEW YORK                                        
      7788 SCOTT                DALLAS                                          
      7839 KING                 NEW YORK                                        
      7844 TURNER               CHICAGO                                         
      7876 ADAMS                DALLAS                                          

     EMPNO ENAME                LOC                                             
---------- -------------------- --------------------------                      
      7900 JAMES                CHICAGO                                         
      7902 FORD                 DALLAS                                          
      7934 MILLER               NEW YORK                                        

14 개의 행이 선택되었습니다.

SQL> select * from mytable06 left outer join mytable07;
select * from mytable06 left outer join mytable07
                                                *
1행에 오류:
ORA-00905: 누락된 키워드 


SQL> select * from mytable06 A left outer join mytable07 B on A.num=B.num;

       NUM NAME                NUM TITLE                                        
---------- ------------ ---------- ------------------                           
      1111 aa                 1111 제목1                                        
      2222 bb                 2222 제목2                                        
      3333 cc                                                                   

SQL> select * from mytable06 A right outer join mytable07 B on A.num=B.num;

       NUM NAME                NUM TITLE                                        
---------- ------------ ---------- ------------------                           
      1111 aa                 1111 제목1                                        
      2222 bb                 2222 제목2                                        
                              4444 제목4                                        

SQL> select * from mytable06 A right outer join mytable07 B using (num);

       NUM NAME         TITLE                                                   
---------- ------------ ------------------                                      
      1111 aa           제목1                                                   
      2222 bb           제목2                                                   
      4444              제목4                                                   

SQL> select * from mytable06 A right outer join mytable07 B on A.num=B.num;

       NUM NAME                NUM TITLE                                        
---------- ------------ ---------- ------------------                           
      1111 aa                 1111 제목1                                        
      2222 bb                 2222 제목2                                        
                              4444 제목4                                        

SQL> select * from mytable06 A , mytable07 B on A.num(+)=B.num;
select * from mytable06 A , mytable07 B on A.num(+)=B.num
                                        *
1행에 오류:
ORA-00933: SQL 명령어가 올바르게 종료되지 않았습니다 


SQL> select * from mytable06 A , mytable07 B where A.num(+)=B.num;

       NUM NAME                NUM TITLE                                        
---------- ------------ ---------- ------------------                           
      1111 aa                 1111 제목1                                        
      2222 bb                 2222 제목2                                        
                              4444 제목4                                        

SQL> select * from mytable06 A inner join mytable07 B on A.num=B.num;

       NUM NAME                NUM TITLE                                        
---------- ------------ ---------- ------------------                           
      1111 aa                 1111 제목1                                        
      2222 bb                 2222 제목2                                        

SQL> select * from mytable06 A inner join mytable07 B on A.num=B.num where num=1111;
select * from mytable06 A inner join mytable07 B on A.num=B.num where num=1111
                                                                      *
1행에 오류:
ORA-00918: 열의 정의가 애매합니다 


SQL> select * from mytable06 A inner join mytable07 B on A.num=B.num where A.num=1111;

       NUM NAME                NUM TITLE                                        
---------- ------------ ---------- ------------------                           
      1111 aa                 1111 제목1                                        

SQL> select * from mytable06 A inner join mytable07 B on A.num=B.num ;

       NUM NAME                NUM TITLE                                        
---------- ------------ ---------- ------------------                           
      1111 aa                 1111 제목1                                        
      2222 bb                 2222 제목2                                        

SQL> select * from mytable06 A full outer join mytable07 B on A.num=B.num ;

       NUM NAME                NUM TITLE                                        
---------- ------------ ---------- ------------------                           
      1111 aa                 1111 제목1                                        
      2222 bb                 2222 제목2                                        
      3333 cc                                                                   
                              4444 제목4                                        

SQL> select * from mytable06 A left outer join mytable07 B on A.num=B.num ;

       NUM NAME                NUM TITLE                                        
---------- ------------ ---------- ------------------                           
      1111 aa                 1111 제목1                                        
      2222 bb                 2222 제목2                                        
      3333 cc                                                                   

SQL> select * from mytable06 A left outer join mytable07 B on A.num=B.num where B.num is null;

       NUM NAME                NUM TITLE                                        
---------- ------------ ---------- ------------------                           
      3333 cc                                                                   

SQL> select * from mytable06 A right outer join mytable07 B on A.num=B.num where B.num is null;

선택된 레코드가 없습니다.

SQL> select * from mytable06 A right outer join mytable07 B on A.num=B.num where A.num is null;

       NUM NAME                NUM TITLE                                        
---------- ------------ ---------- ------------------                           
                              4444 제목4                                        

SQL> select * from mytable06 A full outer join mytable07 B on A.num=B.num ;

       NUM NAME                NUM TITLE                                        
---------- ------------ ---------- ------------------                           
      1111 aa                 1111 제목1                                        
      2222 bb                 2222 제목2                                        
      3333 cc                                                                   
                              4444 제목4                                        

SQL> select * from mytable06 A full outer join mytable07 B on A.num=B.num where A.num is null or B.num is null;

       NUM NAME                NUM TITLE                                        
---------- ------------ ---------- ------------------                           
      3333 cc                                                                   
                              4444 제목4                                        

SQL> select * from dept;

    DEPTNO DNAME                        LOC                                     
---------- ---------------------------- --------------------------              
        10 ACCOUNTING                   NEW YORK                                
        20 RESEARCH                     DALLAS                                  
        30 SALES                        CHICAGO                                 
        40 OPERATIONS                   BOSTON                                  

SQL> select * from (select * from dept);

    DEPTNO DNAME                        LOC                                     
---------- ---------------------------- --------------------------              
        10 ACCOUNTING                   NEW YORK                                
        20 RESEARCH                     DALLAS                                  
        30 SALES                        CHICAGO                                 
        40 OPERATIONS                   BOSTON                                  

SQL> select * from (select deptno+1000,dname from dept);

DEPTNO+1000 DNAME                                                               
----------- ----------------------------                                        
       1010 ACCOUNTING                                                          
       1020 RESEARCH                                                            
       1030 SALES                                                               
       1040 OPERATIONS                                                          

SQL> select deptno,dname from (select deptno+1000,dname from dept);
select deptno,dname from (select deptno+1000,dname from dept)
       *
1행에 오류:
ORA-00904: "DEPTNO": 부적합한 식별자 


SQL> select deptno+1000,dname from (select deptno+1000,dname from dept);
select deptno+1000,dname from (select deptno+1000,dname from dept)
       *
1행에 오류:
ORA-00904: "DEPTNO": 부적합한 식별자 


SQL> select num,dname from (select deptno+1000 as num,dname from dept);

       NUM DNAME                                                                
---------- ----------------------------                                         
      1010 ACCOUNTING                                                           
      1020 RESEARCH                                                             
      1030 SALES                                                                
      1040 OPERATIONS                                                           

SQL> select num,dname from (select deptno,dname from dept);
select num,dname from (select deptno,dname from dept)
       *
1행에 오류:
ORA-00904: "NUM": 부적합한 식별자 


SQL> select * from (select deptno,dname from dept);

    DEPTNO DNAME                                                                
---------- ----------------------------                                         
        10 ACCOUNTING                                                           
        20 RESEARCH                                                             
        30 SALES                                                                
        40 OPERATIONS                                                           

SQL> select deptno,dname from (select deptno,dname from dept);

    DEPTNO DNAME                                                                
---------- ----------------------------                                         
        10 ACCOUNTING                                                           
        20 RESEARCH                                                             
        30 SALES                                                                
        40 OPERATIONS                                                           

SQL> select deptno,dname,loc from (select deptno,dname from dept);
select deptno,dname,loc from (select deptno,dname from dept)
                    *
1행에 오류:
ORA-00904: "LOC": 부적합한 식별자 


SQL> select * from dept;

    DEPTNO DNAME                        LOC                                     
---------- ---------------------------- --------------------------              
        10 ACCOUNTING                   NEW YORK                                
        20 RESEARCH                     DALLAS                                  
        30 SALES                        CHICAGO                                 
        40 OPERATIONS                   BOSTON                                  

SQL> select deptno,loc from dept;

    DEPTNO LOC                                                                  
---------- --------------------------                                           
        10 NEW YORK                                                             
        20 DALLAS                                                               
        30 CHICAGO                                                              
        40 BOSTON                                                               

SQL> select deptno,loc,(select '출력' from dual) from dept;

    DEPTNO LOC                        (SELECT'출력                              
---------- -------------------------- ------------                              
        10 NEW YORK                   출력                                      
        20 DALLAS                     출력                                      
        30 CHICAGO                    출력                                      
        40 BOSTON                     출력                                      

SQL> select deptno,loc,(select '출력','또출력' from dual) from dept;
select deptno,loc,(select '출력','또출력' from dual) from dept
                   *
1행에 오류:
ORA-00913: 값의 수가 너무 많습니다 


SQL> select deptno,loc,(select dname from dept) from dept;
select deptno,loc,(select dname from dept) from dept
                   *
1행에 오류:
ORA-01427: 단일 행 하위 질의에 2개 이상의 행이 리턴되었습니다. 


SQL> select deptno,loc,(select count(*) from dept) from dept;

    DEPTNO LOC                        (SELECTCOUNT(*)FROMDEPT)                  
---------- -------------------------- ------------------------                  
        10 NEW YORK                                          4                  
        20 DALLAS                                            4                  
        30 CHICAGO                                           4                  
        40 BOSTON                                            4                  

SQL> select * from dept where deptno=(select deptno from dept where dept>10);
select * from dept where deptno=(select deptno from dept where dept>10)
                                                               *
1행에 오류:
ORA-00904: "DEPT": 부적합한 식별자 


SQL> select * from dept where deptno=(select deptno from dept where deptno>10);
select * from dept where deptno=(select deptno from dept where deptno>10)
                                 *
1행에 오류:
ORA-01427: 단일 행 하위 질의에 2개 이상의 행이 리턴되었습니다. 


SQL> select * from dept where deptno=(select deptno from dept where deptno=10);

    DEPTNO DNAME                        LOC                                     
---------- ---------------------------- --------------------------              
        10 ACCOUNTING                   NEW YORK                                

SQL> select * from dept where deptno=(select deptno from dept where deptno>10);
select * from dept where deptno=(select deptno from dept where deptno>10)
                                 *
1행에 오류:
ORA-01427: 단일 행 하위 질의에 2개 이상의 행이 리턴되었습니다. 


SQL> select * from dept where deptno in (select deptno from dept where deptno>10);

    DEPTNO DNAME                        LOC                                     
---------- ---------------------------- --------------------------              
        20 RESEARCH                     DALLAS                                  
        30 SALES                        CHICAGO                                 
        40 OPERATIONS                   BOSTON                                  

SQL> select * from dept where deptno in (20,30,40);

    DEPTNO DNAME                        LOC                                     
---------- ---------------------------- --------------------------              
        20 RESEARCH                     DALLAS                                  
        30 SALES                        CHICAGO                                 
        40 OPERATIONS                   BOSTON                                  

SQL> create table mytable08 as (select empno,ename,loc from emp,dept where emp.deptno=dept.deptno);

테이블이 생성되었습니다.

SQL> select * from mytable08;

     EMPNO ENAME                LOC                                             
---------- -------------------- --------------------------                      
      7369 SMITH                DALLAS                                          
      7499 ALLEN                CHICAGO                                         
      7521 WARD                 CHICAGO                                         
      7566 JONES                DALLAS                                          
      7654 MARTIN               CHICAGO                                         
      7698 BLAKE                CHICAGO                                         
      7782 CLARK                NEW YORK                                        
      7788 SCOTT                DALLAS                                          
      7839 KING                 NEW YORK                                        
      7844 TURNER               CHICAGO                                         
      7876 ADAMS                DALLAS                                          

     EMPNO ENAME                LOC                                             
---------- -------------------- --------------------------                      
      7900 JAMES                CHICAGO                                         
      7902 FORD                 DALLAS                                          
      7934 MILLER               NEW YORK                                        

14 개의 행이 선택되었습니다.

SQL> desc mytable08;
 이름                                      널?      유형
 ----------------------------------------- -------- ----------------------------
 EMPNO                                              NUMBER(4)
 ENAME                                              VARCHAR2(10)
 LOC                                                VARCHAR2(13)

SQL> select empno,ename,loc from emp,dept where emp.deptno=dept.deptno;

     EMPNO ENAME                LOC                                             
---------- -------------------- --------------------------                      
      7369 SMITH                DALLAS                                          
      7499 ALLEN                CHICAGO                                         
      7521 WARD                 CHICAGO                                         
      7566 JONES                DALLAS                                          
      7654 MARTIN               CHICAGO                                         
      7698 BLAKE                CHICAGO                                         
      7782 CLARK                NEW YORK                                        
      7788 SCOTT                DALLAS                                          
      7839 KING                 NEW YORK                                        
      7844 TURNER               CHICAGO                                         
      7876 ADAMS                DALLAS                                          

     EMPNO ENAME                LOC                                             
---------- -------------------- --------------------------                      
      7900 JAMES                CHICAGO                                         
      7902 FORD                 DALLAS                                          
      7934 MILLER               NEW YORK                                        

14 개의 행이 선택되었습니다.

SQL> select empno,ename,loc from emp,dept where emp.deptno=dept.deptno and empno=0;

선택된 레코드가 없습니다.

SQL> create table mytable09 as (select empno,ename,loc from emp,dept where emp.deptno=dept.deptno and empno=0);

테이블이 생성되었습니다.

SQL> desc mytable09;
 이름                                      널?      유형
 ----------------------------------------- -------- ----------------------------
 EMPNO                                              NUMBER(4)
 ENAME                                              VARCHAR2(10)
 LOC                                                VARCHAR2(13)

SQL> select * from mytable09;

선택된 레코드가 없습니다.

SQL> insert into mytable09 (select empno,ename,loc from emp,dept where emp.deptno=dept.deptno);

14 개의 행이 만들어졌습니다.

SQL> select * from mytable09;

     EMPNO ENAME                LOC                                             
---------- -------------------- --------------------------                      
      7369 SMITH                DALLAS                                          
      7499 ALLEN                CHICAGO                                         
      7521 WARD                 CHICAGO                                         
      7566 JONES                DALLAS                                          
      7654 MARTIN               CHICAGO                                         
      7698 BLAKE                CHICAGO                                         
      7782 CLARK                NEW YORK                                        
      7788 SCOTT                DALLAS                                          
      7839 KING                 NEW YORK                                        
      7844 TURNER               CHICAGO                                         
      7876 ADAMS                DALLAS                                          

     EMPNO ENAME                LOC                                             
---------- -------------------- --------------------------                      
      7900 JAMES                CHICAGO                                         
      7902 FORD                 DALLAS                                          
      7934 MILLER               NEW YORK                                        

14 개의 행이 선택되었습니다.

SQL> select (insert into mytable06 values (5555,'gg')) from dual;
select (insert into mytable06 values (5555,'gg')) from dual
        *
1행에 오류:
ORA-00936: 누락된 표현식 


SQL> select * from mytable06;

       NUM NAME                                                                 
---------- ------------                                                         
      1111 aa                                                                   
      2222 bb                                                                   
      3333 cc                                                                   

SQL> select * from bonus;

ENAME                JOB                       SAL       COMM                   
-------------------- ------------------ ---------- ----------                   
user01               tester                    100         10                   
user02               tester                    200         20                   
user03               tester                    300         30                   
user04               tester                    400         40                   
user05               tester                   5000         50                   

SQL> update bonus set (ename,job)=(select '수정1','수정2' from dual)  where comm=40;

1 행이 갱신되었습니다.

SQL> select * from bonus;

ENAME                JOB                       SAL       COMM                   
-------------------- ------------------ ---------- ----------                   
user01               tester                    100         10                   
user02               tester                    200         20                   
user03               tester                    300         30                   
수정1                수정2                     400         40                   
user05               tester                   5000         50                   

SQL> update bonus set (ename,job)=(select '수정1','수정2' from dual);

5 행이 갱신되었습니다.

SQL> select * from bonus;

ENAME                JOB                       SAL       COMM                   
-------------------- ------------------ ---------- ----------                   
수정1                수정2                     100         10                   
수정1                수정2                     200         20                   
수정1                수정2                     300         30                   
수정1                수정2                     400         40                   
수정1                수정2                    5000         50                   

SQL> edit mytable10.sql

SQL> start mytable10.sql

테이블이 생성되었습니다.


1 개의 행이 만들어졌습니다.


1 개의 행이 만들어졌습니다.


1 개의 행이 만들어졌습니다.


1 개의 행이 만들어졌습니다.


1 개의 행이 만들어졌습니다.


커밋이 완료되었습니다.

SQL> select * from mytable10;

       NUM NAME                                                                 
---------- ------------------                                                   
         1 test1                                                                
         2 test2                                                                
         3 test3                                                                
         4 test4                                                                
         5 test5                                                                

SQL> insert into mytable10 values (6,'test6');

1 개의 행이 만들어졌습니다.

SQL> insert into mytable10 values ((select count(*) from mytable10)+1, 'test7');

1 개의 행이 만들어졌습니다.

SQL> select * from mytable10;

       NUM NAME                                                                 
---------- ------------------                                                   
         1 test1                                                                
         2 test2                                                                
         3 test3                                                                
         4 test4                                                                
         5 test5                                                                
         6 test6                                                                
         7 test7                                                                

7 개의 행이 선택되었습니다.

SQL> delete from mytable where num=5;
delete from mytable where num=5
            *
1행에 오류:
ORA-00942: 테이블 또는 뷰가 존재하지 않습니다 


SQL> delete from mytable10 where num=5;

1 행이 삭제되었습니다.

SQL> insert into mytable10 values ((select count(*) from mytable10)+1, 'test8');
insert into mytable10 values ((select count(*) from mytable10)+1, 'test8')
*
1행에 오류:
ORA-00001: 무결성 제약 조건(SCOTT.SYS_C004033)에 위배됩니다 


SQL> select count(*) from mytable10;

  COUNT(*)                                                                      
----------                                                                      
         6                                                                      

SQL> insert into mytable10 values ((select max(num) from mytable10)+1, 'test8');

1 개의 행이 만들어졌습니다.

SQL> delete from mytable where num=5;
delete from mytable where num=5
            *
1행에 오류:
ORA-00942: 테이블 또는 뷰가 존재하지 않습니다 


SQL> select * from mytable10;

       NUM NAME                                                                 
---------- ------------------                                                   
         1 test1                                                                
         2 test2                                                                
         3 test3                                                                
         4 test4                                                                
         6 test6                                                                
         7 test7                                                                
         8 test8                                                                

7 개의 행이 선택되었습니다.

SQL> insert into mytable10 values ((select max(num) from mytable10)+1, 'test9');

1 개의 행이 만들어졌습니다.

SQL> select * from mytable10;

       NUM NAME                                                                 
---------- ------------------                                                   
         1 test1                                                                
         2 test2                                                                
         3 test3                                                                
         4 test4                                                                
         6 test6                                                                
         7 test7                                                                
         8 test8                                                                
         9 test9                                                                

8 개의 행이 선택되었습니다.

SQL> insert into mytable10 values ((select max(num) from mytable10)+1, 'test10');

1 개의 행이 만들어졌습니다.

SQL> select * from mytable10;

       NUM NAME                                                                 
---------- ------------------                                                   
         1 test1                                                                
         2 test2                                                                
         3 test3                                                                
         4 test4                                                                
         6 test6                                                                
         7 test7                                                                
         8 test8                                                                
         9 test9                                                                
        10 test10                                                               

9 개의 행이 선택되었습니다.

SQL> delete from mytable10 where num=10;

1 행이 삭제되었습니다.

SQL> insert into mytable10 values ((select max(num) from mytable10)+1, 'test11');

1 개의 행이 만들어졌습니다.

SQL> select * from mytable10;

       NUM NAME                                                                 
---------- ------------------                                                   
         1 test1                                                                
         2 test2                                                                
         3 test3                                                                
         4 test4                                                                
         6 test6                                                                
         7 test7                                                                
         8 test8                                                                
         9 test9                                                                
        10 test11                                                               

9 개의 행이 선택되었습니다.

SQL> edit mytable10.sql

SQL> start mytable10.sql

테이블이 삭제되었습니다.

	val number default 0
	                   *
2행에 오류:
ORA-00907: 누락된 우괄호 


SP2-0042: 알 수 없는 명령어 ")" - 나머지 줄 무시.

테이블이 생성되었습니다.


1 개의 행이 만들어졌습니다.


1 개의 행이 만들어졌습니다.


1 개의 행이 만들어졌습니다.


1 개의 행이 만들어졌습니다.


1 개의 행이 만들어졌습니다.


커밋이 완료되었습니다.

SQL> select * from mytable10;

       NUM NAME                                                                 
---------- ------------------                                                   
         1 test1                                                                
         2 test2                                                                
         3 test3                                                                
         4 test4                                                                
         5 test5                                                                

SQL> edit mytable10.sql

SQL> edit mytable10.sql

SQL> start mytable10.sql
drop table mycount10
           *
1행에 오류:
ORA-00942: 테이블 또는 뷰가 존재하지 않습니다 



테이블이 삭제되었습니다.

	val number default 5
	                   *
2행에 오류:
ORA-00907: 누락된 우괄호 


SP2-0042: 알 수 없는 명령어 ")" - 나머지 줄 무시.

테이블이 생성되었습니다.


1 개의 행이 만들어졌습니다.


1 개의 행이 만들어졌습니다.


1 개의 행이 만들어졌습니다.


1 개의 행이 만들어졌습니다.


1 개의 행이 만들어졌습니다.


커밋이 완료되었습니다.

SQL> update mycount10 set val=val+1;
update mycount10 set val=val+1
       *
1행에 오류:
ORA-00942: 테이블 또는 뷰가 존재하지 않습니다 


SQL> edit mytable10.sql

SQL> update mycount10 set val=val+1;
update mycount10 set val=val+1
       *
1행에 오류:
ORA-00942: 테이블 또는 뷰가 존재하지 않습니다 


SQL> edit mytable10.sql

SQL> start mytable10.sql
drop table mycount10
           *
1행에 오류:
ORA-00942: 테이블 또는 뷰가 존재하지 않습니다 



테이블이 삭제되었습니다.


테이블이 생성되었습니다.


테이블이 생성되었습니다.


1 개의 행이 만들어졌습니다.


1 개의 행이 만들어졌습니다.


1 개의 행이 만들어졌습니다.


1 개의 행이 만들어졌습니다.


1 개의 행이 만들어졌습니다.


커밋이 완료되었습니다.

SQL> update mycount10 set val=val+1;

0 행이 갱신되었습니다.

SQL> select * from mycount10;

선택된 레코드가 없습니다.

SQL> insert into mycount10 values (5);

1 개의 행이 만들어졌습니다.

SQL> update mycount10 set val=val+1;

1 행이 갱신되었습니다.

SQL> select * from mycount10;

       VAL                                                                      
----------                                                                      
         6                                                                      

SQL> insert into mytable10 values ((select * from mycount10), 'test6');

1 개의 행이 만들어졌습니다.

SQL> update mycount10 set val=val+1;

1 행이 갱신되었습니다.

SQL> insert into mytable10 values ((select * from mycount10), 'test7');

1 개의 행이 만들어졌습니다.

SQL> select * from mytable10;

       NUM NAME                                                                 
---------- ------------------                                                   
         1 test1                                                                
         2 test2                                                                
         3 test3                                                                
         4 test4                                                                
         5 test5                                                                
         6 test6                                                                
         7 test7                                                                

7 개의 행이 선택되었습니다.

SQL> delete from mytable10 where num=5;

1 행이 삭제되었습니다.

SQL> update mycount10 set val=val+1;

1 행이 갱신되었습니다.

SQL> insert into mytable10 values ((select * from mycount10), 'test7');

1 개의 행이 만들어졌습니다.

SQL> select * from mytable10;

       NUM NAME                                                                 
---------- ------------------                                                   
         1 test1                                                                
         2 test2                                                                
         3 test3                                                                
         4 test4                                                                
         6 test6                                                                
         7 test7                                                                
         8 test7                                                                

7 개의 행이 선택되었습니다.

SQL> delete from mytable10 where num=8;

1 행이 삭제되었습니다.

SQL> update mycount10 set val=val+1;

1 행이 갱신되었습니다.

SQL> insert into mytable10 values ((select * from mycount10), 'test9');

1 개의 행이 만들어졌습니다.

SQL> select * from mytable10;

       NUM NAME                                                                 
---------- ------------------                                                   
         1 test1                                                                
         2 test2                                                                
         3 test3                                                                
         4 test4                                                                
         6 test6                                                                
         7 test7                                                                
         9 test9                                                                

7 개의 행이 선택되었습니다.

SQL> edit mytable10.sql

SQL> insert into mytable10 values (mytable10_seq.nextval,'test1');
insert into mytable10 values (mytable10_seq.nextval,'test1')
                              *
1행에 오류:
ORA-02289: 시퀀스가 존재하지 않습니다. 


SQL> start mytable10.sql

테이블이 삭제되었습니다.


테이블이 삭제되었습니다.


테이블이 생성되었습니다.


시퀀스가 생성되었습니다.

SQL> insert into mytable10 values (mytable10_seq.nextval,'test1');

1 개의 행이 만들어졌습니다.

SQL> select * from mytable10;

       NUM NAME                                                                 
---------- ------------------                                                   
         1 test1                                                                

SQL> insert into mytable10 values (mytable10_seq.nextval,'test2');

1 개의 행이 만들어졌습니다.

SQL> insert into mytable10 values (mytable10_seq.nextval,'test3');

1 개의 행이 만들어졌습니다.

SQL> insert into mytable10 values (mytable10_seq.nextval,'test4');

1 개의 행이 만들어졌습니다.

SQL> insert into mytable10 values (mytable10_seq.nextval,'test5');

1 개의 행이 만들어졌습니다.

SQL> select * from mytable10;

       NUM NAME                                                                 
---------- ------------------                                                   
         1 test1                                                                
         2 test2                                                                
         3 test3                                                                
         4 test4                                                                
         5 test5                                                                

SQL> delete from mytable10 where num=3;

1 행이 삭제되었습니다.

SQL> select * from mytable10;

       NUM NAME                                                                 
---------- ------------------                                                   
         1 test1                                                                
         2 test2                                                                
         4 test4                                                                
         5 test5                                                                

SQL> insert into mytable10 values (mytable10_seq.nextval,'test6');

1 개의 행이 만들어졌습니다.

SQL> select * from mytable10;

       NUM NAME                                                                 
---------- ------------------                                                   
         1 test1                                                                
         2 test2                                                                
         4 test4                                                                
         5 test5                                                                
         6 test6                                                                

SQL> delete from mytable10 where num=6;

1 행이 삭제되었습니다.

SQL> insert into mytable10 values (mytable10_seq.nextval,'test7');

1 개의 행이 만들어졌습니다.

SQL> insert into mytable10 values (mytable10_seq.nextval,'test8');

1 개의 행이 만들어졌습니다.

SQL> select * from mytable10;

       NUM NAME                                                                 
---------- ------------------                                                   
         1 test1                                                                
         2 test2                                                                
         4 test4                                                                
         5 test5                                                                
         7 test7                                                                
         8 test8                                                                

6 개의 행이 선택되었습니다.

SQL> select mytable10_seq.nextval from dual;

   NEXTVAL                                                                      
----------                                                                      
         9                                                                      

SQL> select mytable10_seq.nextval from dual;

   NEXTVAL                                                                      
----------                                                                      
        10                                                                      

SQL> select mytable10_seq.nextval from dual;

   NEXTVAL                                                                      
----------                                                                      
        11                                                                      

SQL> insert into mytable10 values (mytable10_seq.nextval,'test9');

1 개의 행이 만들어졌습니다.

SQL> select * from mytable10;

       NUM NAME                                                                 
---------- ------------------                                                   
         1 test1                                                                
         2 test2                                                                
         4 test4                                                                
         5 test5                                                                
         7 test7                                                                
         8 test8                                                                
        12 test9                                                                

7 개의 행이 선택되었습니다.

SQL> select mytable_seq.currval from dual;
select mytable_seq.currval from dual
       *
1행에 오류:
ORA-02289: 시퀀스가 존재하지 않습니다. 


SQL> select mytable10_seq.currval from dual;

   CURRVAL                                                                      
----------                                                                      
        12                                                                      

SQL> select mytable10_seq.currval from dual;

   CURRVAL                                                                      
----------                                                                      
        12                                                                      

SQL> select mytable10_seq.currval from dual;

   CURRVAL                                                                      
----------                                                                      
        12                                                                      

SQL> create sequence myseq1 start with 10;

시퀀스가 생성되었습니다.

SQL> select myseq1.currval from dual;
select myseq1.currval from dual
       *
1행에 오류:
ORA-08002: 시퀀스 MYSEQ1.CURRVAL은 이 세션에서는 정의 되어 있지 않습니다 


SQL> select myseq1.nextval from dual;

   NEXTVAL                                                                      
----------                                                                      
        10                                                                      

SQL> select myseq1.nextval from dual;

   NEXTVAL                                                                      
----------                                                                      
        11                                                                      

SQL> select myseq1.nextval from dual;

   NEXTVAL                                                                      
----------                                                                      
        12                                                                      

SQL> select myseq1.nextval from dual;

   NEXTVAL                                                                      
----------                                                                      
        13                                                                      

SQL> select myseq1.currval from dual;

   CURRVAL                                                                      
----------                                                                      
        13                                                                      

SQL> create sequence myseq2 increment by 10;

시퀀스가 생성되었습니다.

SQL> select myseq2.nextval from dual;

   NEXTVAL                                                                      
----------                                                                      
         1                                                                      

SQL> select myseq2.nextval from dual;

   NEXTVAL                                                                      
----------                                                                      
        11                                                                      

SQL> select myseq2.nextval from dual;

   NEXTVAL                                                                      
----------                                                                      
        21                                                                      

SQL> select myseq2.nextval from dual;

   NEXTVAL                                                                      
----------                                                                      
        31                                                                      

SQL> select myseq2.nextval from dual;

   NEXTVAL                                                                      
